Startpoint: _46495_ (rising edge-triggered flip-flop clocked by clk)
Endpoint: _46495_ (rising edge-triggered flip-flop clocked by clk)
Path Group: clk
Path Type: min

Fanout     Cap    Slew   Delay    Time   Description
-----------------------------------------------------------------------------
                  0.00    0.00    0.00   clock clk (rise edge)
                          0.00    0.00   clock network delay (ideal)
                  0.00    0.00    0.00 ^ _46495_/CLK (sky130_fd_sc_hd__dfxtp_2)
                  0.03    0.18    0.18 ^ _46495_/Q (sky130_fd_sc_hd__dfxtp_2)
     2    0.00                           cpuregs[0][0] (net)
                  0.03    0.00    0.18 ^ _26466_/A (sky130_fd_sc_hd__buf_1)
                  0.02    0.04    0.23 ^ _26466_/X (sky130_fd_sc_hd__buf_1)
     1    0.00                           _02835_ (net)
                  0.02    0.00    0.23 ^ _46495_/D (sky130_fd_sc_hd__dfxtp_2)
                                  0.23   data arrival time

                  0.00    0.00    0.00   clock clk (rise edge)
                          0.00    0.00   clock network delay (ideal)
                          0.00    0.00   clock reconvergence pessimism
                                  0.00 ^ _46495_/CLK (sky130_fd_sc_hd__dfxtp_2)
                         -0.02   -0.02   library hold time
                                 -0.02   data required time
-----------------------------------------------------------------------------
                                 -0.02   data required time
                                 -0.23   data arrival time
-----------------------------------------------------------------------------
                                  0.24   slack (MET)


Startpoint: _47293_ (rising edge-triggered flip-flop clocked by clk)
Endpoint: _46307_ (rising edge-triggered flip-flop clocked by clk)
Path Group: clk
Path Type: max

Fanout     Cap    Slew   Delay    Time   Description
-----------------------------------------------------------------------------
                  0.00    0.00    0.00   clock clk (rise edge)
                          0.00    0.00   clock network delay (ideal)
                  0.00    0.00    0.00 ^ _47293_/CLK (sky130_fd_sc_hd__dfxtp_2)
                  0.92    1.25    1.25 v _47293_/Q (sky130_fd_sc_hd__dfxtp_2)
    66    0.22                           mem_la_wdata[1] (net)
                  0.92    0.00    1.25 v _26785_/A (sky130_fd_sc_hd__nor2_2)
                  0.25    0.43    1.68 ^ _26785_/Y (sky130_fd_sc_hd__nor2_2)
     2    0.00                           _22477_ (net)
                  0.25    0.00    1.68 ^ _26786_/A (sky130_fd_sc_hd__and2_2)
                  0.10    0.36    2.04 ^ _26786_/X (sky130_fd_sc_hd__and2_2)
     2    0.01                           _22478_ (net)
                  0.10    0.00    2.04 ^ _26787_/A (sky130_fd_sc_hd__nand2_2)
                  0.14    0.16    2.20 v _26787_/Y (sky130_fd_sc_hd__nand2_2)
     4    0.01                           _22479_ (net)
                  0.14    0.00    2.20 v _29763_/B (sky130_fd_sc_hd__or2_2)
                  0.15    0.71    2.90 v _29763_/X (sky130_fd_sc_hd__or2_2)
     3    0.01                           _05386_ (net)
                  0.15    0.00    2.90 v _29775_/B (sky130_fd_sc_hd__or2_2)
                  0.15    0.71    3.62 v _29775_/X (sky130_fd_sc_hd__or2_2)
     3    0.01                           _05396_ (net)
                  0.15    0.00    3.62 v _29785_/B (sky130_fd_sc_hd__or2_2)
                  0.15    0.71    4.33 v _29785_/X (sky130_fd_sc_hd__or2_2)
     3    0.01                           _05404_ (net)
                  0.15    0.00    4.33 v _29794_/B (sky130_fd_sc_hd__nor2_2)
                  0.18    0.21    4.54 ^ _29794_/Y (sky130_fd_sc_hd__nor2_2)
     3    0.01                           _05411_ (net)
                  0.18    0.00    4.54 ^ _29803_/A (sky130_fd_sc_hd__nand2_2)
                  0.11    0.16    4.70 v _29803_/Y (sky130_fd_sc_hd__nand2_2)
     3    0.01                           _05418_ (net)
                  0.11    0.00    4.70 v _29816_/B (sky130_fd_sc_hd__or2_2)
                  0.15    0.70    5.40 v _29816_/X (sky130_fd_sc_hd__or2_2)
     3    0.01                           _05429_ (net)
                  0.15    0.00    5.40 v _29824_/B (sky130_fd_sc_hd__or2_2)
                  0.15    0.71    6.11 v _29824_/X (sky130_fd_sc_hd__or2_2)
     3    0.01                           _05435_ (net)
                  0.15    0.00    6.11 v _29836_/B (sky130_fd_sc_hd__or2_2)
                  0.15    0.71    6.82 v _29836_/X (sky130_fd_sc_hd__or2_2)
     3    0.01                           _05445_ (net)
                  0.15    0.00    6.82 v _29845_/B (sky130_fd_sc_hd__nor2_2)
                  0.18    0.21    7.03 ^ _29845_/Y (sky130_fd_sc_hd__nor2_2)
     3    0.01                           _05452_ (net)
                  0.18    0.00    7.03 ^ _29856_/A (sky130_fd_sc_hd__nand2_2)
                  0.11    0.16    7.20 v _29856_/Y (sky130_fd_sc_hd__nand2_2)
     3    0.01                           _05461_ (net)
                  0.11    0.00    7.20 v _29864_/B (sky130_fd_sc_hd__or2_2)
                  0.15    0.70    7.89 v _29864_/X (sky130_fd_sc_hd__or2_2)
     3    0.01                           _05467_ (net)
                  0.15    0.00    7.89 v _29874_/B (sky130_fd_sc_hd__or2_2)
                  0.15    0.71    8.60 v _29874_/X (sky130_fd_sc_hd__or2_2)
     3    0.01                           _05475_ (net)
                  0.15    0.00    8.60 v _29883_/B (sky130_fd_sc_hd__nor2_2)
                  0.18    0.21    8.81 ^ _29883_/Y (sky130_fd_sc_hd__nor2_2)
     3    0.01                           _05482_ (net)
                  0.18    0.00    8.81 ^ _29893_/A (sky130_fd_sc_hd__nand2_2)
                  0.11    0.16    8.98 v _29893_/Y (sky130_fd_sc_hd__nand2_2)
     3    0.01                           _05490_ (net)
                  0.11    0.00    8.98 v _29900_/B (sky130_fd_sc_hd__nor2_2)
                  0.18    0.19    9.17 ^ _29900_/Y (sky130_fd_sc_hd__nor2_2)
     3    0.01                           _05495_ (net)
                  0.18    0.00    9.17 ^ _29914_/A (sky130_fd_sc_hd__nand2_2)
                  0.13    0.18    9.36 v _29914_/Y (sky130_fd_sc_hd__nand2_2)
     3    0.01                           _05507_ (net)
                  0.13    0.00    9.36 v _29923_/B (sky130_fd_sc_hd__nor2_2)
                  0.17    0.20    9.55 ^ _29923_/Y (sky130_fd_sc_hd__nor2_2)
     2    0.01                           _05514_ (net)
                  0.17    0.00    9.55 ^ _29934_/A (sky130_fd_sc_hd__nand2_2)
                  0.11    0.16    9.71 v _29934_/Y (sky130_fd_sc_hd__nand2_2)
     3    0.01                           _05523_ (net)
                  0.11    0.00    9.71 v _29943_/B (sky130_fd_sc_hd__or2_2)
                  0.15    0.70   10.41 v _29943_/X (sky130_fd_sc_hd__or2_2)
     3    0.01                           _05530_ (net)
                  0.15    0.00   10.41 v _29952_/B (sky130_fd_sc_hd__nor2_2)
                  0.18    0.21   10.62 ^ _29952_/Y (sky130_fd_sc_hd__nor2_2)
     3    0.01                           _05537_ (net)
                  0.18    0.00   10.62 ^ _29963_/A (sky130_fd_sc_hd__nand2_2)
                  0.13    0.18   10.80 v _29963_/Y (sky130_fd_sc_hd__nand2_2)
     3    0.01                           _05546_ (net)
                  0.13    0.00   10.80 v _29973_/B (sky130_fd_sc_hd__nor2_2)
                  0.19    0.21   11.01 ^ _29973_/Y (sky130_fd_sc_hd__nor2_2)
     3    0.01                           _05554_ (net)
                  0.19    0.00   11.01 ^ _29984_/A (sky130_fd_sc_hd__nand2_2)
                  0.12    0.17   11.18 v _29984_/Y (sky130_fd_sc_hd__nand2_2)
     3    0.01                           _05563_ (net)
                  0.12    0.00   11.18 v _29999_/A (sky130_fd_sc_hd__and2_2)
                  0.06    0.35   11.54 v _29999_/X (sky130_fd_sc_hd__and2_2)
     1    0.00                           _05576_ (net)
                  0.06    0.00   11.54 v _30000_/B (sky130_fd_sc_hd__or2_2)
                  0.10    0.59   12.13 v _30000_/X (sky130_fd_sc_hd__or2_2)
     1    0.00                           _02397_ (net)
                  0.10    0.00   12.13 v _45267_/A0 (sky130_fd_sc_hd__mux2_1)
                  0.15    0.69   12.82 v _45267_/X (sky130_fd_sc_hd__mux2_1)
     2    0.01                           _02398_ (net)
                  0.15    0.00   12.82 v _30002_/A (sky130_vsdinv)
                  0.09    0.13   12.95 ^ _30002_/Y (sky130_vsdinv)
     1    0.00                           _05578_ (net)
                  0.09    0.00   12.95 ^ _30003_/B (sky130_fd_sc_hd__nor2_2)
                  0.06    0.08   13.03 v _30003_/Y (sky130_fd_sc_hd__nor2_2)
     2    0.01                           _05579_ (net)
                  0.06    0.00   13.03 v _30004_/B (sky130_fd_sc_hd__nor2_2)
                  0.29    0.25   13.28 ^ _30004_/Y (sky130_fd_sc_hd__nor2_2)
     2    0.01                           _05580_ (net)
                  0.29    0.00   13.28 ^ _30017_/B (sky130_fd_sc_hd__nand2_2)
                  0.06    0.14   13.43 v _30017_/Y (sky130_fd_sc_hd__nand2_2)
     1    0.00                           _05591_ (net)
                  0.06    0.00   13.43 v _30018_/B1_N (sky130_fd_sc_hd__o21bai_2)
                  0.14    0.42   13.85 v _30018_/Y (sky130_fd_sc_hd__o21bai_2)
     2    0.01                           _05592_ (net)
                  0.14    0.00   13.85 v _30032_/B1 (sky130_fd_sc_hd__a22oi_2)
                  0.32    0.31   14.15 ^ _30032_/Y (sky130_fd_sc_hd__a22oi_2)
     3    0.01                           _05604_ (net)
                  0.32    0.00   14.15 ^ _30044_/B2 (sky130_fd_sc_hd__o22ai_2)
                  0.19    0.26   14.42 v _30044_/Y (sky130_fd_sc_hd__o22ai_2)
     3    0.01                           _05614_ (net)
                  0.19    0.00   14.42 v _30055_/A2_N (sky130_fd_sc_hd__o2bb2ai_2)
                  0.08    0.27   14.69 v _30055_/Y (sky130_fd_sc_hd__o2bb2ai_2)
     1    0.00                           _05623_ (net)
                  0.08    0.00   14.69 v _30056_/C1 (sky130_fd_sc_hd__o211ai_2)
                  0.21    0.10   14.80 ^ _30056_/Y (sky130_fd_sc_hd__o211ai_2)
     1    0.00                           _05624_ (net)
                  0.21    0.00   14.80 ^ _30057_/B (sky130_fd_sc_hd__nand2_2)
                  0.06    0.13   14.92 v _30057_/Y (sky130_fd_sc_hd__nand2_2)
     1    0.00                           _02615_ (net)
                  0.06    0.00   14.92 v _46307_/D (sky130_fd_sc_hd__dfxtp_2)
                                 14.92   data arrival time

                  0.00   12.00   12.00   clock clk (rise edge)
                          0.00   12.00   clock network delay (ideal)
                          0.00   12.00   clock reconvergence pessimism
                                 12.00 ^ _46307_/CLK (sky130_fd_sc_hd__dfxtp_2)
                         -0.29   11.71   library setup time
                                 11.71   data required time
-----------------------------------------------------------------------------
                                 11.71   data required time
                                -14.92   data arrival time
-----------------------------------------------------------------------------
                                 -3.21   slack (VIOLATED)


