Startpoint: _47293_ (rising edge-triggered flip-flop clocked by clk)
Endpoint: _46307_ (rising edge-triggered flip-flop clocked by clk)
Path Group: clk
Path Type: max

Fanout     Cap    Slew   Delay    Time   Description
-----------------------------------------------------------------------------
                  0.00    0.00    0.00   clock clk (rise edge)
                          0.00    0.00   clock network delay (ideal)
                  0.00    0.00    0.00 ^ _47293_/CLK (sky130_fd_sc_hd__dfxtp_2)
                  0.92    1.25    1.25 v _47293_/Q (sky130_fd_sc_hd__dfxtp_2)
    66    0.22                           mem_la_wdata[1] (net)
                  0.92    0.00    1.25 v _26787_/A (sky130_fd_sc_hd__nor2_2)
                  0.25    0.43    1.68 ^ _26787_/Y (sky130_fd_sc_hd__nor2_2)
     2    0.00                           _22478_ (net)
                  0.25    0.00    1.68 ^ _26788_/A (sky130_fd_sc_hd__and2_2)
                  0.10    0.36    2.04 ^ _26788_/X (sky130_fd_sc_hd__and2_2)
     2    0.01                           _22479_ (net)
                  0.10    0.00    2.04 ^ _26789_/A (sky130_fd_sc_hd__nand2_2)
                  0.14    0.16    2.20 v _26789_/Y (sky130_fd_sc_hd__nand2_2)
     4    0.01                           _22480_ (net)
                  0.14    0.00    2.20 v _29765_/B (sky130_fd_sc_hd__or2_2)
                  0.15    0.71    2.90 v _29765_/X (sky130_fd_sc_hd__or2_2)
     3    0.01                           _05387_ (net)
                  0.15    0.00    2.90 v _29777_/B (sky130_fd_sc_hd__or2_2)
                  0.15    0.71    3.62 v _29777_/X (sky130_fd_sc_hd__or2_2)
     3    0.01                           _05397_ (net)
                  0.15    0.00    3.62 v _29787_/B (sky130_fd_sc_hd__or2_2)
                  0.15    0.71    4.33 v _29787_/X (sky130_fd_sc_hd__or2_2)
     3    0.01                           _05405_ (net)
                  0.15    0.00    4.33 v _29796_/B (sky130_fd_sc_hd__nor2_2)
                  0.18    0.21    4.54 ^ _29796_/Y (sky130_fd_sc_hd__nor2_2)
     3    0.01                           _05412_ (net)
                  0.18    0.00    4.54 ^ _29805_/A (sky130_fd_sc_hd__nand2_2)
                  0.11    0.16    4.70 v _29805_/Y (sky130_fd_sc_hd__nand2_2)
     3    0.01                           _05419_ (net)
                  0.11    0.00    4.70 v _29818_/B (sky130_fd_sc_hd__or2_2)
                  0.15    0.70    5.40 v _29818_/X (sky130_fd_sc_hd__or2_2)
     3    0.01                           _05430_ (net)
                  0.15    0.00    5.40 v _29826_/B (sky130_fd_sc_hd__or2_2)
                  0.15    0.71    6.11 v _29826_/X (sky130_fd_sc_hd__or2_2)
     3    0.01                           _05436_ (net)
                  0.15    0.00    6.11 v _29838_/B (sky130_fd_sc_hd__or2_2)
                  0.15    0.71    6.82 v _29838_/X (sky130_fd_sc_hd__or2_2)
     3    0.01                           _05446_ (net)
                  0.15    0.00    6.82 v _29847_/B (sky130_fd_sc_hd__nor2_2)
                  0.18    0.21    7.03 ^ _29847_/Y (sky130_fd_sc_hd__nor2_2)
     3    0.01                           _05453_ (net)
                  0.18    0.00    7.03 ^ _29858_/A (sky130_fd_sc_hd__nand2_2)
                  0.11    0.16    7.20 v _29858_/Y (sky130_fd_sc_hd__nand2_2)
     3    0.01                           _05462_ (net)
                  0.11    0.00    7.20 v _29866_/B (sky130_fd_sc_hd__or2_2)
                  0.15    0.70    7.89 v _29866_/X (sky130_fd_sc_hd__or2_2)
     3    0.01                           _05468_ (net)
                  0.15    0.00    7.89 v _29876_/B (sky130_fd_sc_hd__or2_2)
                  0.15    0.71    8.60 v _29876_/X (sky130_fd_sc_hd__or2_2)
     3    0.01                           _05476_ (net)
                  0.15    0.00    8.60 v _29885_/B (sky130_fd_sc_hd__nor2_2)
                  0.18    0.21    8.81 ^ _29885_/Y (sky130_fd_sc_hd__nor2_2)
     3    0.01                           _05483_ (net)
                  0.18    0.00    8.81 ^ _29895_/A (sky130_fd_sc_hd__nand2_2)
                  0.11    0.16    8.98 v _29895_/Y (sky130_fd_sc_hd__nand2_2)
     3    0.01                           _05491_ (net)
                  0.11    0.00    8.98 v _29902_/B (sky130_fd_sc_hd__nor2_2)
                  0.18    0.19    9.17 ^ _29902_/Y (sky130_fd_sc_hd__nor2_2)
     3    0.01                           _05496_ (net)
                  0.18    0.00    9.17 ^ _29916_/A (sky130_fd_sc_hd__nand2_2)
                  0.13    0.18    9.36 v _29916_/Y (sky130_fd_sc_hd__nand2_2)
     3    0.01                           _05508_ (net)
                  0.13    0.00    9.36 v _29925_/B (sky130_fd_sc_hd__nor2_2)
                  0.17    0.20    9.55 ^ _29925_/Y (sky130_fd_sc_hd__nor2_2)
     2    0.01                           _05515_ (net)
                  0.17    0.00    9.55 ^ _29936_/A (sky130_fd_sc_hd__nand2_2)
                  0.11    0.16    9.71 v _29936_/Y (sky130_fd_sc_hd__nand2_2)
     3    0.01                           _05524_ (net)
                  0.11    0.00    9.71 v _29945_/B (sky130_fd_sc_hd__or2_2)
                  0.15    0.70   10.41 v _29945_/X (sky130_fd_sc_hd__or2_2)
     3    0.01                           _05531_ (net)
                  0.15    0.00   10.41 v _29954_/B (sky130_fd_sc_hd__nor2_2)
                  0.18    0.21   10.62 ^ _29954_/Y (sky130_fd_sc_hd__nor2_2)
     3    0.01                           _05538_ (net)
                  0.18    0.00   10.62 ^ _29965_/A (sky130_fd_sc_hd__nand2_2)
                  0.13    0.18   10.80 v _29965_/Y (sky130_fd_sc_hd__nand2_2)
     3    0.01                           _05547_ (net)
                  0.13    0.00   10.80 v _29975_/B (sky130_fd_sc_hd__nor2_2)
                  0.19    0.21   11.01 ^ _29975_/Y (sky130_fd_sc_hd__nor2_2)
     3    0.01                           _05555_ (net)
                  0.19    0.00   11.01 ^ _29986_/A (sky130_fd_sc_hd__nand2_2)
                  0.12    0.17   11.18 v _29986_/Y (sky130_fd_sc_hd__nand2_2)
     3    0.01                           _05564_ (net)
                  0.12    0.00   11.18 v _30001_/A (sky130_fd_sc_hd__and2_2)
                  0.06    0.35   11.54 v _30001_/X (sky130_fd_sc_hd__and2_2)
     1    0.00                           _05577_ (net)
                  0.06    0.00   11.54 v _30002_/B (sky130_fd_sc_hd__or2_2)
                  0.10    0.59   12.13 v _30002_/X (sky130_fd_sc_hd__or2_2)
     1    0.00                           _02397_ (net)
                  0.10    0.00   12.13 v _45267_/A0 (sky130_fd_sc_hd__mux2_1)
                  0.15    0.69   12.82 v _45267_/X (sky130_fd_sc_hd__mux2_1)
     2    0.01                           _02398_ (net)
                  0.15    0.00   12.82 v _30004_/A (sky130_vsdinv)
                  0.09    0.13   12.95 ^ _30004_/Y (sky130_vsdinv)
     1    0.00                           _05579_ (net)
                  0.09    0.00   12.95 ^ _30005_/B (sky130_fd_sc_hd__nor2_2)
                  0.06    0.08   13.03 v _30005_/Y (sky130_fd_sc_hd__nor2_2)
     2    0.01                           _05580_ (net)
                  0.06    0.00   13.03 v _30006_/B (sky130_fd_sc_hd__nor2_2)
                  0.29    0.25   13.28 ^ _30006_/Y (sky130_fd_sc_hd__nor2_2)
     2    0.01                           _05581_ (net)
                  0.29    0.00   13.28 ^ _30019_/B (sky130_fd_sc_hd__nand2_2)
                  0.06    0.14   13.43 v _30019_/Y (sky130_fd_sc_hd__nand2_2)
     1    0.00                           _05592_ (net)
                  0.06    0.00   13.43 v _30020_/B1_N (sky130_fd_sc_hd__o21bai_2)
                  0.14    0.42   13.85 v _30020_/Y (sky130_fd_sc_hd__o21bai_2)
     2    0.01                           _05593_ (net)
                  0.14    0.00   13.85 v _30034_/B1 (sky130_fd_sc_hd__a22oi_2)
                  0.32    0.31   14.15 ^ _30034_/Y (sky130_fd_sc_hd__a22oi_2)
     3    0.01                           _05605_ (net)
                  0.32    0.00   14.15 ^ _30046_/B2 (sky130_fd_sc_hd__o22ai_2)
                  0.19    0.26   14.42 v _30046_/Y (sky130_fd_sc_hd__o22ai_2)
     3    0.01                           _05615_ (net)
                  0.19    0.00   14.42 v _30057_/A2_N (sky130_fd_sc_hd__o2bb2ai_2)
                  0.08    0.27   14.69 v _30057_/Y (sky130_fd_sc_hd__o2bb2ai_2)
     1    0.00                           _05624_ (net)
                  0.08    0.00   14.69 v _30058_/C1 (sky130_fd_sc_hd__o211ai_2)
                  0.21    0.10   14.80 ^ _30058_/Y (sky130_fd_sc_hd__o211ai_2)
     1    0.00                           _05625_ (net)
                  0.21    0.00   14.80 ^ _30059_/B (sky130_fd_sc_hd__nand2_2)
                  0.06    0.13   14.92 v _30059_/Y (sky130_fd_sc_hd__nand2_2)
     1    0.00                           _02615_ (net)
                  0.06    0.00   14.92 v _46307_/D (sky130_fd_sc_hd__dfxtp_2)
                                 14.92   data arrival time

                  0.00   15.00   15.00   clock clk (rise edge)
                          0.00   15.00   clock network delay (ideal)
                          0.00   15.00   clock reconvergence pessimism
                                 15.00 ^ _46307_/CLK (sky130_fd_sc_hd__dfxtp_2)
                         -0.29   14.71   library setup time
                                 14.71   data required time
-----------------------------------------------------------------------------
                                 14.71   data required time
                                -14.92   data arrival time
-----------------------------------------------------------------------------
                                 -0.21   slack (VIOLATED)


Startpoint: _47293_ (rising edge-triggered flip-flop clocked by clk)
Endpoint: _46305_ (rising edge-triggered flip-flop clocked by clk)
Path Group: clk
Path Type: max

Fanout     Cap    Slew   Delay    Time   Description
-----------------------------------------------------------------------------
                  0.00    0.00    0.00   clock clk (rise edge)
                          0.00    0.00   clock network delay (ideal)
                  0.00    0.00    0.00 ^ _47293_/CLK (sky130_fd_sc_hd__dfxtp_2)
                  0.92    1.25    1.25 v _47293_/Q (sky130_fd_sc_hd__dfxtp_2)
    66    0.22                           mem_la_wdata[1] (net)
                  0.92    0.00    1.25 v _26787_/A (sky130_fd_sc_hd__nor2_2)
                  0.25    0.43    1.68 ^ _26787_/Y (sky130_fd_sc_hd__nor2_2)
     2    0.00                           _22478_ (net)
                  0.25    0.00    1.68 ^ _26788_/A (sky130_fd_sc_hd__and2_2)
                  0.10    0.36    2.04 ^ _26788_/X (sky130_fd_sc_hd__and2_2)
     2    0.01                           _22479_ (net)
                  0.10    0.00    2.04 ^ _26789_/A (sky130_fd_sc_hd__nand2_2)
                  0.14    0.16    2.20 v _26789_/Y (sky130_fd_sc_hd__nand2_2)
     4    0.01                           _22480_ (net)
                  0.14    0.00    2.20 v _29765_/B (sky130_fd_sc_hd__or2_2)
                  0.15    0.71    2.90 v _29765_/X (sky130_fd_sc_hd__or2_2)
     3    0.01                           _05387_ (net)
                  0.15    0.00    2.90 v _29777_/B (sky130_fd_sc_hd__or2_2)
                  0.15    0.71    3.62 v _29777_/X (sky130_fd_sc_hd__or2_2)
     3    0.01                           _05397_ (net)
                  0.15    0.00    3.62 v _29787_/B (sky130_fd_sc_hd__or2_2)
                  0.15    0.71    4.33 v _29787_/X (sky130_fd_sc_hd__or2_2)
     3    0.01                           _05405_ (net)
                  0.15    0.00    4.33 v _29796_/B (sky130_fd_sc_hd__nor2_2)
                  0.18    0.21    4.54 ^ _29796_/Y (sky130_fd_sc_hd__nor2_2)
     3    0.01                           _05412_ (net)
                  0.18    0.00    4.54 ^ _29805_/A (sky130_fd_sc_hd__nand2_2)
                  0.11    0.16    4.70 v _29805_/Y (sky130_fd_sc_hd__nand2_2)
     3    0.01                           _05419_ (net)
                  0.11    0.00    4.70 v _29818_/B (sky130_fd_sc_hd__or2_2)
                  0.15    0.70    5.40 v _29818_/X (sky130_fd_sc_hd__or2_2)
     3    0.01                           _05430_ (net)
                  0.15    0.00    5.40 v _29826_/B (sky130_fd_sc_hd__or2_2)
                  0.15    0.71    6.11 v _29826_/X (sky130_fd_sc_hd__or2_2)
     3    0.01                           _05436_ (net)
                  0.15    0.00    6.11 v _29838_/B (sky130_fd_sc_hd__or2_2)
                  0.15    0.71    6.82 v _29838_/X (sky130_fd_sc_hd__or2_2)
     3    0.01                           _05446_ (net)
                  0.15    0.00    6.82 v _29847_/B (sky130_fd_sc_hd__nor2_2)
                  0.18    0.21    7.03 ^ _29847_/Y (sky130_fd_sc_hd__nor2_2)
     3    0.01                           _05453_ (net)
                  0.18    0.00    7.03 ^ _29858_/A (sky130_fd_sc_hd__nand2_2)
                  0.11    0.16    7.20 v _29858_/Y (sky130_fd_sc_hd__nand2_2)
     3    0.01                           _05462_ (net)
                  0.11    0.00    7.20 v _29866_/B (sky130_fd_sc_hd__or2_2)
                  0.15    0.70    7.89 v _29866_/X (sky130_fd_sc_hd__or2_2)
     3    0.01                           _05468_ (net)
                  0.15    0.00    7.89 v _29876_/B (sky130_fd_sc_hd__or2_2)
                  0.15    0.71    8.60 v _29876_/X (sky130_fd_sc_hd__or2_2)
     3    0.01                           _05476_ (net)
                  0.15    0.00    8.60 v _29885_/B (sky130_fd_sc_hd__nor2_2)
                  0.18    0.21    8.81 ^ _29885_/Y (sky130_fd_sc_hd__nor2_2)
     3    0.01                           _05483_ (net)
                  0.18    0.00    8.81 ^ _29895_/A (sky130_fd_sc_hd__nand2_2)
                  0.11    0.16    8.98 v _29895_/Y (sky130_fd_sc_hd__nand2_2)
     3    0.01                           _05491_ (net)
                  0.11    0.00    8.98 v _29902_/B (sky130_fd_sc_hd__nor2_2)
                  0.18    0.19    9.17 ^ _29902_/Y (sky130_fd_sc_hd__nor2_2)
     3    0.01                           _05496_ (net)
                  0.18    0.00    9.17 ^ _29916_/A (sky130_fd_sc_hd__nand2_2)
                  0.13    0.18    9.36 v _29916_/Y (sky130_fd_sc_hd__nand2_2)
     3    0.01                           _05508_ (net)
                  0.13    0.00    9.36 v _29925_/B (sky130_fd_sc_hd__nor2_2)
                  0.17    0.20    9.55 ^ _29925_/Y (sky130_fd_sc_hd__nor2_2)
     2    0.01                           _05515_ (net)
                  0.17    0.00    9.55 ^ _29936_/A (sky130_fd_sc_hd__nand2_2)
                  0.11    0.16    9.71 v _29936_/Y (sky130_fd_sc_hd__nand2_2)
     3    0.01                           _05524_ (net)
                  0.11    0.00    9.71 v _29945_/B (sky130_fd_sc_hd__or2_2)
                  0.15    0.70   10.41 v _29945_/X (sky130_fd_sc_hd__or2_2)
     3    0.01                           _05531_ (net)
                  0.15    0.00   10.41 v _29955_/A (sky130_fd_sc_hd__and2_2)
                  0.06    0.37   10.78 v _29955_/X (sky130_fd_sc_hd__and2_2)
     1    0.00                           _05539_ (net)
                  0.06    0.00   10.78 v _29956_/B (sky130_fd_sc_hd__or2_2)
                  0.10    0.59   11.37 v _29956_/X (sky130_fd_sc_hd__or2_2)
     1    0.00                           _02385_ (net)
                  0.10    0.00   11.37 v _45271_/A0 (sky130_fd_sc_hd__mux2_1)
                  0.14    0.68   12.05 v _45271_/X (sky130_fd_sc_hd__mux2_1)
     2    0.01                           _02386_ (net)
                  0.14    0.00   12.05 v _29958_/B (sky130_fd_sc_hd__or2_2)
                  0.10    0.62   12.68 v _29958_/X (sky130_fd_sc_hd__or2_2)
     1    0.00                           _05541_ (net)
                  0.10    0.00   12.68 v _29960_/A (sky130_fd_sc_hd__and2_2)
                  0.09    0.38   13.06 v _29960_/X (sky130_fd_sc_hd__and2_2)
     2    0.01                           _05543_ (net)
                  0.09    0.00   13.06 v _29962_/B1 (sky130_fd_sc_hd__o21ai_2)
                  0.27    0.13   13.19 ^ _29962_/Y (sky130_fd_sc_hd__o21ai_2)
     3    0.01                           _05545_ (net)
                  0.27    0.00   13.19 ^ _29993_/A1 (sky130_fd_sc_hd__a21oi_2)
                  0.11    0.19   13.38 v _29993_/Y (sky130_fd_sc_hd__a21oi_2)
     2    0.01                           _05570_ (net)
                  0.11    0.00   13.38 v _30020_/A2 (sky130_fd_sc_hd__o21bai_2)
                  0.24    0.26   13.64 ^ _30020_/Y (sky130_fd_sc_hd__o21bai_2)
     2    0.01                           _05593_ (net)
                  0.24    0.00   13.64 ^ _30034_/B1 (sky130_fd_sc_hd__a22oi_2)
                  0.16    0.20   13.84 v _30034_/Y (sky130_fd_sc_hd__a22oi_2)
     3    0.01                           _05605_ (net)
                  0.16    0.00   13.84 v _30035_/C (sky130_fd_sc_hd__or3_2)
                  0.18    1.01   14.85 v _30035_/X (sky130_fd_sc_hd__or3_2)
     1    0.00                           _05606_ (net)
                  0.18    0.00   14.85 v _30037_/A (sky130_fd_sc_hd__nand2_2)
                  0.06    0.11   14.96 ^ _30037_/Y (sky130_fd_sc_hd__nand2_2)
     1    0.00                           _02612_ (net)
                  0.06    0.00   14.96 ^ _46305_/D (sky130_fd_sc_hd__dfxtp_2)
                                 14.96   data arrival time

                  0.00   15.00   15.00   clock clk (rise edge)
                          0.00   15.00   clock network delay (ideal)
                          0.00   15.00   clock reconvergence pessimism
                                 15.00 ^ _46305_/CLK (sky130_fd_sc_hd__dfxtp_2)
                         -0.15   14.85   library setup time
                                 14.85   data required time
-----------------------------------------------------------------------------
                                 14.85   data required time
                                -14.96   data arrival time
-----------------------------------------------------------------------------
                                 -0.11   slack (VIOLATED)


