max slew

Pin                                    Limit    Slew   Slack
------------------------------------------------------------
_23258_/B                               1.50    8.52   -7.02 (VIOLATED)
_45899_/S0                              1.50    8.52   -7.02 (VIOLATED)
_45900_/S0                              1.50    8.52   -7.02 (VIOLATED)
_45901_/S0                              1.50    8.52   -7.02 (VIOLATED)
_45902_/S0                              1.50    8.52   -7.02 (VIOLATED)
_45903_/S0                              1.50    8.52   -7.02 (VIOLATED)
_45905_/S0                              1.50    8.52   -7.02 (VIOLATED)
_45906_/S0                              1.50    8.52   -7.02 (VIOLATED)
_45907_/S0                              1.50    8.52   -7.02 (VIOLATED)
_45908_/S0                              1.50    8.52   -7.02 (VIOLATED)
_45909_/S0                              1.50    8.52   -7.02 (VIOLATED)
_45911_/S0                              1.50    8.52   -7.02 (VIOLATED)
_45912_/S0                              1.50    8.52   -7.02 (VIOLATED)
_45913_/S0                              1.50    8.52   -7.02 (VIOLATED)
_45914_/S0                              1.50    8.52   -7.02 (VIOLATED)
_45915_/S0                              1.50    8.52   -7.02 (VIOLATED)
_45917_/S0                              1.50    8.52   -7.02 (VIOLATED)
_45918_/S0                              1.50    8.52   -7.02 (VIOLATED)
_45919_/S0                              1.50    8.52   -7.02 (VIOLATED)
_45920_/S0                              1.50    8.52   -7.02 (VIOLATED)
_45921_/S0                              1.50    8.52   -7.02 (VIOLATED)
_45923_/S0                              1.50    8.52   -7.02 (VIOLATED)
_45924_/S0                              1.50    8.52   -7.02 (VIOLATED)
_45925_/S0                              1.50    8.52   -7.02 (VIOLATED)
_45926_/S0                              1.50    8.52   -7.02 (VIOLATED)
_45927_/S0                              1.50    8.52   -7.02 (VIOLATED)
_45929_/S0                              1.50    8.52   -7.02 (VIOLATED)
_45930_/S0                              1.50    8.52   -7.02 (VIOLATED)
_45931_/S0                              1.50    8.52   -7.02 (VIOLATED)
_45932_/S0                              1.50    8.52   -7.02 (VIOLATED)
_45933_/S0                              1.50    8.52   -7.02 (VIOLATED)
_45935_/S0                              1.50    8.52   -7.02 (VIOLATED)
_45936_/S0                              1.50    8.52   -7.02 (VIOLATED)
_45937_/S0                              1.50    8.52   -7.02 (VIOLATED)
_45938_/S0                              1.50    8.52   -7.02 (VIOLATED)
_45939_/S0                              1.50    8.52   -7.02 (VIOLATED)
_45941_/S0                              1.50    8.52   -7.02 (VIOLATED)
_45942_/S0                              1.50    8.52   -7.02 (VIOLATED)
_45943_/S0                              1.50    8.52   -7.02 (VIOLATED)
_45944_/S0                              1.50    8.52   -7.02 (VIOLATED)
_45945_/S0                              1.50    8.52   -7.02 (VIOLATED)
_45947_/S0                              1.50    8.52   -7.02 (VIOLATED)
_45948_/S0                              1.50    8.52   -7.02 (VIOLATED)
_45949_/S0                              1.50    8.52   -7.02 (VIOLATED)
_45950_/S0                              1.50    8.52   -7.02 (VIOLATED)
_45951_/S0                              1.50    8.52   -7.02 (VIOLATED)
_45953_/S0                              1.50    8.52   -7.02 (VIOLATED)
_45954_/S0                              1.50    8.52   -7.02 (VIOLATED)
_45955_/S0                              1.50    8.52   -7.02 (VIOLATED)
_45956_/S0                              1.50    8.52   -7.02 (VIOLATED)
_45957_/S0                              1.50    8.52   -7.02 (VIOLATED)
_45959_/S0                              1.50    8.52   -7.02 (VIOLATED)
_45960_/S0                              1.50    8.52   -7.02 (VIOLATED)
_45961_/S0                              1.50    8.52   -7.02 (VIOLATED)
_45962_/S0                              1.50    8.52   -7.02 (VIOLATED)
_45963_/S0                              1.50    8.52   -7.02 (VIOLATED)
_45965_/S0                              1.50    8.52   -7.02 (VIOLATED)
_45966_/S0                              1.50    8.52   -7.02 (VIOLATED)
_45967_/S0                              1.50    8.52   -7.02 (VIOLATED)
_45968_/S0                              1.50    8.52   -7.02 (VIOLATED)
_45969_/S0                              1.50    8.52   -7.02 (VIOLATED)
_45971_/S0                              1.50    8.52   -7.02 (VIOLATED)
_45972_/S0                              1.50    8.52   -7.02 (VIOLATED)
_45973_/S0                              1.50    8.52   -7.02 (VIOLATED)
_45974_/S0                              1.50    8.52   -7.02 (VIOLATED)
_45975_/S0                              1.50    8.52   -7.02 (VIOLATED)
_45977_/S0                              1.50    8.52   -7.02 (VIOLATED)
_45978_/S0                              1.50    8.52   -7.02 (VIOLATED)
_45979_/S0                              1.50    8.52   -7.02 (VIOLATED)
_45980_/S0                              1.50    8.52   -7.02 (VIOLATED)
_45981_/S0                              1.50    8.52   -7.02 (VIOLATED)
_45983_/S0                              1.50    8.52   -7.02 (VIOLATED)
_45984_/S0                              1.50    8.52   -7.02 (VIOLATED)
_45985_/S0                              1.50    8.52   -7.02 (VIOLATED)
_45986_/S0                              1.50    8.52   -7.02 (VIOLATED)
_45987_/S0                              1.50    8.52   -7.02 (VIOLATED)
_45989_/S0                              1.50    8.52   -7.02 (VIOLATED)
_45990_/S0                              1.50    8.52   -7.02 (VIOLATED)
_45991_/S0                              1.50    8.52   -7.02 (VIOLATED)
_45992_/S0                              1.50    8.52   -7.02 (VIOLATED)
_45993_/S0                              1.50    8.52   -7.02 (VIOLATED)
_45995_/S0                              1.50    8.52   -7.02 (VIOLATED)
_45996_/S0                              1.50    8.52   -7.02 (VIOLATED)
_45997_/S0                              1.50    8.52   -7.02 (VIOLATED)
_45998_/S0                              1.50    8.52   -7.02 (VIOLATED)
_45999_/S0                              1.50    8.52   -7.02 (VIOLATED)
_46001_/S0                              1.50    8.52   -7.02 (VIOLATED)
_46002_/S0                              1.50    8.52   -7.02 (VIOLATED)
_46003_/S0                              1.50    8.52   -7.02 (VIOLATED)
_46004_/S0                              1.50    8.52   -7.02 (VIOLATED)
_46005_/S0                              1.50    8.52   -7.02 (VIOLATED)
_46007_/S0                              1.50    8.52   -7.02 (VIOLATED)
_46008_/S0                              1.50    8.52   -7.02 (VIOLATED)
_46009_/S0                              1.50    8.52   -7.02 (VIOLATED)
_46010_/S0                              1.50    8.52   -7.02 (VIOLATED)
_46011_/S0                              1.50    8.52   -7.02 (VIOLATED)
_46013_/S0                              1.50    8.52   -7.02 (VIOLATED)
_46014_/S0                              1.50    8.52   -7.02 (VIOLATED)
_46015_/S0                              1.50    8.52   -7.02 (VIOLATED)
_46016_/S0                              1.50    8.52   -7.02 (VIOLATED)
_46017_/S0                              1.50    8.52   -7.02 (VIOLATED)
_46019_/S0                              1.50    8.52   -7.02 (VIOLATED)
_46020_/S0                              1.50    8.52   -7.02 (VIOLATED)
_46021_/S0                              1.50    8.52   -7.02 (VIOLATED)
_46022_/S0                              1.50    8.52   -7.02 (VIOLATED)
_46023_/S0                              1.50    8.52   -7.02 (VIOLATED)
_46025_/S0                              1.50    8.52   -7.02 (VIOLATED)
_46026_/S0                              1.50    8.52   -7.02 (VIOLATED)
_46027_/S0                              1.50    8.52   -7.02 (VIOLATED)
_46028_/S0                              1.50    8.52   -7.02 (VIOLATED)
_46029_/S0                              1.50    8.52   -7.02 (VIOLATED)
_46031_/S0                              1.50    8.52   -7.02 (VIOLATED)
_46032_/S0                              1.50    8.52   -7.02 (VIOLATED)
_46033_/S0                              1.50    8.52   -7.02 (VIOLATED)
_46034_/S0                              1.50    8.52   -7.02 (VIOLATED)
_46035_/S0                              1.50    8.52   -7.02 (VIOLATED)
_46037_/S0                              1.50    8.52   -7.02 (VIOLATED)
_46038_/S0                              1.50    8.52   -7.02 (VIOLATED)
_46039_/S0                              1.50    8.52   -7.02 (VIOLATED)
_46040_/S0                              1.50    8.52   -7.02 (VIOLATED)
_46041_/S0                              1.50    8.52   -7.02 (VIOLATED)
_46043_/S0                              1.50    8.52   -7.02 (VIOLATED)
_46044_/S0                              1.50    8.52   -7.02 (VIOLATED)
_46045_/S0                              1.50    8.52   -7.02 (VIOLATED)
_46046_/S0                              1.50    8.52   -7.02 (VIOLATED)
_46047_/S0                              1.50    8.52   -7.02 (VIOLATED)
_46049_/S0                              1.50    8.52   -7.02 (VIOLATED)
_46050_/S0                              1.50    8.52   -7.02 (VIOLATED)
_46051_/S0                              1.50    8.52   -7.02 (VIOLATED)
_46052_/S0                              1.50    8.52   -7.02 (VIOLATED)
_46053_/S0                              1.50    8.52   -7.02 (VIOLATED)
_46055_/S0                              1.50    8.52   -7.02 (VIOLATED)
_46056_/S0                              1.50    8.52   -7.02 (VIOLATED)
_46057_/S0                              1.50    8.52   -7.02 (VIOLATED)
_46058_/S0                              1.50    8.52   -7.02 (VIOLATED)
_46059_/S0                              1.50    8.52   -7.02 (VIOLATED)
_46061_/S0                              1.50    8.52   -7.02 (VIOLATED)
_46062_/S0                              1.50    8.52   -7.02 (VIOLATED)
_46063_/S0                              1.50    8.52   -7.02 (VIOLATED)
_46064_/S0                              1.50    8.52   -7.02 (VIOLATED)
_46065_/S0                              1.50    8.52   -7.02 (VIOLATED)
_46067_/S0                              1.50    8.52   -7.02 (VIOLATED)
_46068_/S0                              1.50    8.52   -7.02 (VIOLATED)
_46069_/S0                              1.50    8.52   -7.02 (VIOLATED)
_46070_/S0                              1.50    8.52   -7.02 (VIOLATED)
_46071_/S0                              1.50    8.52   -7.02 (VIOLATED)
_46073_/S0                              1.50    8.52   -7.02 (VIOLATED)
_46074_/S0                              1.50    8.52   -7.02 (VIOLATED)
_46075_/S0                              1.50    8.52   -7.02 (VIOLATED)
_46076_/S0                              1.50    8.52   -7.02 (VIOLATED)
_46077_/S0                              1.50    8.52   -7.02 (VIOLATED)
_46079_/S0                              1.50    8.52   -7.02 (VIOLATED)
_46080_/S0                              1.50    8.52   -7.02 (VIOLATED)
_46081_/S0                              1.50    8.52   -7.02 (VIOLATED)
_46082_/S0                              1.50    8.52   -7.02 (VIOLATED)
_46083_/S0                              1.50    8.52   -7.02 (VIOLATED)
_46085_/S0                              1.50    8.52   -7.02 (VIOLATED)
_46086_/S0                              1.50    8.52   -7.02 (VIOLATED)
_46087_/S0                              1.50    8.52   -7.02 (VIOLATED)
_46088_/S0                              1.50    8.52   -7.02 (VIOLATED)
_46089_/S0                              1.50    8.52   -7.02 (VIOLATED)
_45597_/X                               1.51    8.52   -7.02 (VIOLATED)
_23258_/A                               1.50    5.75   -4.25 (VIOLATED)
_45899_/S1                              1.50    5.75   -4.25 (VIOLATED)
_45900_/S1                              1.50    5.75   -4.25 (VIOLATED)
_45901_/S1                              1.50    5.75   -4.25 (VIOLATED)
_45902_/S1                              1.50    5.75   -4.25 (VIOLATED)
_45903_/S1                              1.50    5.75   -4.25 (VIOLATED)
_45905_/S1                              1.50    5.75   -4.25 (VIOLATED)
_45906_/S1                              1.50    5.75   -4.25 (VIOLATED)
_45907_/S1                              1.50    5.75   -4.25 (VIOLATED)
_45908_/S1                              1.50    5.75   -4.25 (VIOLATED)
_45909_/S1                              1.50    5.75   -4.25 (VIOLATED)
_45911_/S1                              1.50    5.75   -4.25 (VIOLATED)
_45912_/S1                              1.50    5.75   -4.25 (VIOLATED)
_45913_/S1                              1.50    5.75   -4.25 (VIOLATED)
_45914_/S1                              1.50    5.75   -4.25 (VIOLATED)
_45915_/S1                              1.50    5.75   -4.25 (VIOLATED)
_45917_/S1                              1.50    5.75   -4.25 (VIOLATED)
_45918_/S1                              1.50    5.75   -4.25 (VIOLATED)
_45919_/S1                              1.50    5.75   -4.25 (VIOLATED)
_45920_/S1                              1.50    5.75   -4.25 (VIOLATED)
_45921_/S1                              1.50    5.75   -4.25 (VIOLATED)
_45923_/S1                              1.50    5.75   -4.25 (VIOLATED)
_45924_/S1                              1.50    5.75   -4.25 (VIOLATED)
_45925_/S1                              1.50    5.75   -4.25 (VIOLATED)
_45926_/S1                              1.50    5.75   -4.25 (VIOLATED)
_45927_/S1                              1.50    5.75   -4.25 (VIOLATED)
_45929_/S1                              1.50    5.75   -4.25 (VIOLATED)
_45930_/S1                              1.50    5.75   -4.25 (VIOLATED)
_45931_/S1                              1.50    5.75   -4.25 (VIOLATED)
_45932_/S1                              1.50    5.75   -4.25 (VIOLATED)
_45933_/S1                              1.50    5.75   -4.25 (VIOLATED)
_45935_/S1                              1.50    5.75   -4.25 (VIOLATED)
_45936_/S1                              1.50    5.75   -4.25 (VIOLATED)
_45937_/S1                              1.50    5.75   -4.25 (VIOLATED)
_45938_/S1                              1.50    5.75   -4.25 (VIOLATED)
_45939_/S1                              1.50    5.75   -4.25 (VIOLATED)
_45941_/S1                              1.50    5.75   -4.25 (VIOLATED)
_45942_/S1                              1.50    5.75   -4.25 (VIOLATED)
_45943_/S1                              1.50    5.75   -4.25 (VIOLATED)
_45944_/S1                              1.50    5.75   -4.25 (VIOLATED)
_45945_/S1                              1.50    5.75   -4.25 (VIOLATED)
_45947_/S1                              1.50    5.75   -4.25 (VIOLATED)
_45948_/S1                              1.50    5.75   -4.25 (VIOLATED)
_45949_/S1                              1.50    5.75   -4.25 (VIOLATED)
_45950_/S1                              1.50    5.75   -4.25 (VIOLATED)
_45951_/S1                              1.50    5.75   -4.25 (VIOLATED)
_45953_/S1                              1.50    5.75   -4.25 (VIOLATED)
_45954_/S1                              1.50    5.75   -4.25 (VIOLATED)
_45955_/S1                              1.50    5.75   -4.25 (VIOLATED)
_45956_/S1                              1.50    5.75   -4.25 (VIOLATED)
_45957_/S1                              1.50    5.75   -4.25 (VIOLATED)
_45959_/S1                              1.50    5.75   -4.25 (VIOLATED)
_45960_/S1                              1.50    5.75   -4.25 (VIOLATED)
_45961_/S1                              1.50    5.75   -4.25 (VIOLATED)
_45962_/S1                              1.50    5.75   -4.25 (VIOLATED)
_45963_/S1                              1.50    5.75   -4.25 (VIOLATED)
_45965_/S1                              1.50    5.75   -4.25 (VIOLATED)
_45966_/S1                              1.50    5.75   -4.25 (VIOLATED)
_45967_/S1                              1.50    5.75   -4.25 (VIOLATED)
_45968_/S1                              1.50    5.75   -4.25 (VIOLATED)
_45969_/S1                              1.50    5.75   -4.25 (VIOLATED)
_45971_/S1                              1.50    5.75   -4.25 (VIOLATED)
_45972_/S1                              1.50    5.75   -4.25 (VIOLATED)
_45973_/S1                              1.50    5.75   -4.25 (VIOLATED)
_45974_/S1                              1.50    5.75   -4.25 (VIOLATED)
_45975_/S1                              1.50    5.75   -4.25 (VIOLATED)
_45977_/S1                              1.50    5.75   -4.25 (VIOLATED)
_45978_/S1                              1.50    5.75   -4.25 (VIOLATED)
_45979_/S1                              1.50    5.75   -4.25 (VIOLATED)
_45980_/S1                              1.50    5.75   -4.25 (VIOLATED)
_45981_/S1                              1.50    5.75   -4.25 (VIOLATED)
_45983_/S1                              1.50    5.75   -4.25 (VIOLATED)
_45984_/S1                              1.50    5.75   -4.25 (VIOLATED)
_45985_/S1                              1.50    5.75   -4.25 (VIOLATED)
_45986_/S1                              1.50    5.75   -4.25 (VIOLATED)
_45987_/S1                              1.50    5.75   -4.25 (VIOLATED)
_45989_/S1                              1.50    5.75   -4.25 (VIOLATED)
_45990_/S1                              1.50    5.75   -4.25 (VIOLATED)
_45991_/S1                              1.50    5.75   -4.25 (VIOLATED)
_45992_/S1                              1.50    5.75   -4.25 (VIOLATED)
_45993_/S1                              1.50    5.75   -4.25 (VIOLATED)
_45995_/S1                              1.50    5.75   -4.25 (VIOLATED)
_45996_/S1                              1.50    5.75   -4.25 (VIOLATED)
_45997_/S1                              1.50    5.75   -4.25 (VIOLATED)
_45998_/S1                              1.50    5.75   -4.25 (VIOLATED)
_45999_/S1                              1.50    5.75   -4.25 (VIOLATED)
_46001_/S1                              1.50    5.75   -4.25 (VIOLATED)
_46002_/S1                              1.50    5.75   -4.25 (VIOLATED)
_46003_/S1                              1.50    5.75   -4.25 (VIOLATED)
_46004_/S1                              1.50    5.75   -4.25 (VIOLATED)
_46005_/S1                              1.50    5.75   -4.25 (VIOLATED)
_46007_/S1                              1.50    5.75   -4.25 (VIOLATED)
_46008_/S1                              1.50    5.75   -4.25 (VIOLATED)
_46009_/S1                              1.50    5.75   -4.25 (VIOLATED)
_46010_/S1                              1.50    5.75   -4.25 (VIOLATED)
_46011_/S1                              1.50    5.75   -4.25 (VIOLATED)
_46013_/S1                              1.50    5.75   -4.25 (VIOLATED)
_46014_/S1                              1.50    5.75   -4.25 (VIOLATED)
_46015_/S1                              1.50    5.75   -4.25 (VIOLATED)
_46016_/S1                              1.50    5.75   -4.25 (VIOLATED)
_46017_/S1                              1.50    5.75   -4.25 (VIOLATED)
_46019_/S1                              1.50    5.75   -4.25 (VIOLATED)
_46020_/S1                              1.50    5.75   -4.25 (VIOLATED)
_46021_/S1                              1.50    5.75   -4.25 (VIOLATED)
_46022_/S1                              1.50    5.75   -4.25 (VIOLATED)
_46023_/S1                              1.50    5.75   -4.25 (VIOLATED)
_46025_/S1                              1.50    5.75   -4.25 (VIOLATED)
_46026_/S1                              1.50    5.75   -4.25 (VIOLATED)
_46027_/S1                              1.50    5.75   -4.25 (VIOLATED)
_46028_/S1                              1.50    5.75   -4.25 (VIOLATED)
_46029_/S1                              1.50    5.75   -4.25 (VIOLATED)
_46031_/S1                              1.50    5.75   -4.25 (VIOLATED)
_46032_/S1                              1.50    5.75   -4.25 (VIOLATED)
_46033_/S1                              1.50    5.75   -4.25 (VIOLATED)
_46034_/S1                              1.50    5.75   -4.25 (VIOLATED)
_46035_/S1                              1.50    5.75   -4.25 (VIOLATED)
_46037_/S1                              1.50    5.75   -4.25 (VIOLATED)
_46038_/S1                              1.50    5.75   -4.25 (VIOLATED)
_46039_/S1                              1.50    5.75   -4.25 (VIOLATED)
_46040_/S1                              1.50    5.75   -4.25 (VIOLATED)
_46041_/S1                              1.50    5.75   -4.25 (VIOLATED)
_46043_/S1                              1.50    5.75   -4.25 (VIOLATED)
_46044_/S1                              1.50    5.75   -4.25 (VIOLATED)
_46045_/S1                              1.50    5.75   -4.25 (VIOLATED)
_46046_/S1                              1.50    5.75   -4.25 (VIOLATED)
_46047_/S1                              1.50    5.75   -4.25 (VIOLATED)
_46049_/S1                              1.50    5.75   -4.25 (VIOLATED)
_46050_/S1                              1.50    5.75   -4.25 (VIOLATED)
_46051_/S1                              1.50    5.75   -4.25 (VIOLATED)
_46052_/S1                              1.50    5.75   -4.25 (VIOLATED)
_46053_/S1                              1.50    5.75   -4.25 (VIOLATED)
_46055_/S1                              1.50    5.75   -4.25 (VIOLATED)
_46056_/S1                              1.50    5.75   -4.25 (VIOLATED)
_46057_/S1                              1.50    5.75   -4.25 (VIOLATED)
_46058_/S1                              1.50    5.75   -4.25 (VIOLATED)
_46059_/S1                              1.50    5.75   -4.25 (VIOLATED)
_46061_/S1                              1.50    5.75   -4.25 (VIOLATED)
_46062_/S1                              1.50    5.75   -4.25 (VIOLATED)
_46063_/S1                              1.50    5.75   -4.25 (VIOLATED)
_46064_/S1                              1.50    5.75   -4.25 (VIOLATED)
_46065_/S1                              1.50    5.75   -4.25 (VIOLATED)
_46067_/S1                              1.50    5.75   -4.25 (VIOLATED)
_46068_/S1                              1.50    5.75   -4.25 (VIOLATED)
_46069_/S1                              1.50    5.75   -4.25 (VIOLATED)
_46070_/S1                              1.50    5.75   -4.25 (VIOLATED)
_46071_/S1                              1.50    5.75   -4.25 (VIOLATED)
_46073_/S1                              1.50    5.75   -4.25 (VIOLATED)
_46074_/S1                              1.50    5.75   -4.25 (VIOLATED)
_46075_/S1                              1.50    5.75   -4.25 (VIOLATED)
_46076_/S1                              1.50    5.75   -4.25 (VIOLATED)
_46077_/S1                              1.50    5.75   -4.25 (VIOLATED)
_46079_/S1                              1.50    5.75   -4.25 (VIOLATED)
_46080_/S1                              1.50    5.75   -4.25 (VIOLATED)
_46081_/S1                              1.50    5.75   -4.25 (VIOLATED)
_46082_/S1                              1.50    5.75   -4.25 (VIOLATED)
_46083_/S1                              1.50    5.75   -4.25 (VIOLATED)
_46085_/S1                              1.50    5.75   -4.25 (VIOLATED)
_46086_/S1                              1.50    5.75   -4.25 (VIOLATED)
_46087_/S1                              1.50    5.75   -4.25 (VIOLATED)
_46088_/S1                              1.50    5.75   -4.25 (VIOLATED)
_46089_/S1                              1.50    5.75   -4.25 (VIOLATED)
_45596_/X                               1.51    5.75   -4.24 (VIOLATED)
_28943_/A                               1.50    2.70   -1.20 (VIOLATED)
_28960_/A                               1.50    2.70   -1.20 (VIOLATED)
_28977_/A                               1.50    2.70   -1.20 (VIOLATED)
_44736_/S                               1.50    2.70   -1.20 (VIOLATED)
_44737_/S                               1.50    2.70   -1.20 (VIOLATED)
_44738_/S                               1.50    2.70   -1.20 (VIOLATED)
_44739_/S                               1.50    2.70   -1.20 (VIOLATED)
_44740_/S                               1.50    2.70   -1.20 (VIOLATED)
_44741_/S                               1.50    2.70   -1.20 (VIOLATED)
_44742_/S                               1.50    2.70   -1.20 (VIOLATED)
_44743_/S                               1.50    2.70   -1.20 (VIOLATED)
_44744_/S                               1.50    2.70   -1.20 (VIOLATED)
_44745_/S                               1.50    2.70   -1.20 (VIOLATED)
_44746_/S                               1.50    2.70   -1.20 (VIOLATED)
_44747_/S                               1.50    2.70   -1.20 (VIOLATED)
_44748_/S                               1.50    2.70   -1.20 (VIOLATED)
_44749_/S                               1.50    2.70   -1.20 (VIOLATED)
_44750_/S                               1.50    2.70   -1.20 (VIOLATED)
_44751_/S                               1.50    2.70   -1.20 (VIOLATED)
_44752_/S                               1.50    2.70   -1.20 (VIOLATED)
_44753_/S                               1.50    2.70   -1.20 (VIOLATED)
_44754_/S                               1.50    2.70   -1.20 (VIOLATED)
_44755_/S                               1.50    2.70   -1.20 (VIOLATED)
_44756_/S                               1.50    2.70   -1.20 (VIOLATED)
_44757_/S                               1.50    2.70   -1.20 (VIOLATED)
_44758_/S                               1.50    2.70   -1.20 (VIOLATED)
_44759_/S                               1.50    2.70   -1.20 (VIOLATED)
_45370_/S                               1.50    2.70   -1.20 (VIOLATED)
_45376_/S                               1.50    2.70   -1.20 (VIOLATED)
_45382_/S                               1.50    2.70   -1.20 (VIOLATED)
_45388_/S                               1.50    2.70   -1.20 (VIOLATED)
_45394_/S                               1.50    2.70   -1.20 (VIOLATED)
_45400_/S                               1.50    2.70   -1.20 (VIOLATED)
_45406_/S                               1.50    2.70   -1.20 (VIOLATED)
_45412_/S                               1.50    2.70   -1.20 (VIOLATED)
_45417_/S                               1.50    2.70   -1.20 (VIOLATED)
_45423_/S                               1.50    2.70   -1.20 (VIOLATED)
_45429_/S                               1.50    2.70   -1.20 (VIOLATED)
_45435_/S                               1.50    2.70   -1.20 (VIOLATED)
_45441_/S                               1.50    2.70   -1.20 (VIOLATED)
_45447_/S                               1.50    2.70   -1.20 (VIOLATED)
_45453_/S                               1.50    2.70   -1.20 (VIOLATED)
_45459_/S                               1.50    2.70   -1.20 (VIOLATED)
_28546_/X                               1.51    2.70   -1.19 (VIOLATED)
_26735_/B                               1.50    2.22   -0.72 (VIOLATED)
_29215_/B                               1.50    2.22   -0.72 (VIOLATED)
_29217_/C                               1.50    2.22   -0.72 (VIOLATED)
_45085_/S                               1.50    2.22   -0.72 (VIOLATED)
_45600_/S                               1.50    2.22   -0.72 (VIOLATED)
_45637_/S                               1.50    2.22   -0.72 (VIOLATED)
_45639_/S                               1.50    2.22   -0.72 (VIOLATED)
_45641_/S                               1.50    2.22   -0.72 (VIOLATED)
_45643_/S                               1.50    2.22   -0.72 (VIOLATED)
_45645_/S                               1.50    2.22   -0.72 (VIOLATED)
_45647_/S                               1.50    2.22   -0.72 (VIOLATED)
_45649_/S                               1.50    2.22   -0.72 (VIOLATED)
_45651_/S                               1.50    2.22   -0.72 (VIOLATED)
_45653_/S                               1.50    2.22   -0.72 (VIOLATED)
_45655_/S                               1.50    2.22   -0.72 (VIOLATED)
_45657_/S                               1.50    2.22   -0.72 (VIOLATED)
_45659_/S                               1.50    2.22   -0.72 (VIOLATED)
_45661_/S                               1.50    2.22   -0.72 (VIOLATED)
_45663_/S                               1.50    2.22   -0.72 (VIOLATED)
_45665_/S                               1.50    2.22   -0.72 (VIOLATED)
_45667_/S                               1.50    2.22   -0.72 (VIOLATED)
_45669_/S                               1.50    2.22   -0.72 (VIOLATED)
_45671_/S                               1.50    2.22   -0.72 (VIOLATED)
_45673_/S                               1.50    2.22   -0.72 (VIOLATED)
_45675_/S                               1.50    2.22   -0.72 (VIOLATED)
_45677_/S                               1.50    2.22   -0.72 (VIOLATED)
_45679_/S                               1.50    2.22   -0.72 (VIOLATED)
_45681_/S                               1.50    2.22   -0.72 (VIOLATED)
_45683_/S                               1.50    2.22   -0.72 (VIOLATED)
_45685_/S                               1.50    2.22   -0.72 (VIOLATED)
_45687_/S                               1.50    2.22   -0.72 (VIOLATED)
_45689_/S                               1.50    2.22   -0.72 (VIOLATED)
_45691_/S                               1.50    2.22   -0.72 (VIOLATED)
_45693_/S                               1.50    2.22   -0.72 (VIOLATED)
_45697_/S                               1.50    2.22   -0.72 (VIOLATED)
_45701_/S                               1.50    2.22   -0.72 (VIOLATED)
_26734_/X                               1.51    2.22   -0.71 (VIOLATED)
_23178_/A                               1.50    2.06   -0.56 (VIOLATED)
_45052_/S                               1.50    2.06   -0.56 (VIOLATED)
_45053_/S                               1.50    2.06   -0.56 (VIOLATED)
_45054_/S                               1.50    2.06   -0.56 (VIOLATED)
_45055_/S                               1.50    2.06   -0.56 (VIOLATED)
_45056_/S                               1.50    2.06   -0.56 (VIOLATED)
_45057_/S                               1.50    2.06   -0.56 (VIOLATED)
_45058_/S                               1.50    2.06   -0.56 (VIOLATED)
_45059_/S                               1.50    2.06   -0.56 (VIOLATED)
_45060_/S                               1.50    2.06   -0.56 (VIOLATED)
_45061_/S                               1.50    2.06   -0.56 (VIOLATED)
_45062_/S                               1.50    2.06   -0.56 (VIOLATED)
_45063_/S                               1.50    2.06   -0.56 (VIOLATED)
_45064_/S                               1.50    2.06   -0.56 (VIOLATED)
_45065_/S                               1.50    2.06   -0.56 (VIOLATED)
_45066_/S                               1.50    2.06   -0.56 (VIOLATED)
_45067_/S                               1.50    2.06   -0.56 (VIOLATED)
_45068_/S                               1.50    2.06   -0.56 (VIOLATED)
_45069_/S                               1.50    2.06   -0.56 (VIOLATED)
_45070_/S                               1.50    2.06   -0.56 (VIOLATED)
_45071_/S                               1.50    2.06   -0.56 (VIOLATED)
_45072_/S                               1.50    2.06   -0.56 (VIOLATED)
_45073_/S                               1.50    2.06   -0.56 (VIOLATED)
_45074_/S                               1.50    2.06   -0.56 (VIOLATED)
_45075_/S                               1.50    2.06   -0.56 (VIOLATED)
_45076_/S                               1.50    2.06   -0.56 (VIOLATED)
_45077_/S                               1.50    2.06   -0.56 (VIOLATED)
_45078_/S                               1.50    2.06   -0.56 (VIOLATED)
_45079_/S                               1.50    2.06   -0.56 (VIOLATED)
_45080_/S                               1.50    2.06   -0.56 (VIOLATED)
_45081_/S                               1.50    2.06   -0.56 (VIOLATED)
_45082_/S                               1.50    2.06   -0.56 (VIOLATED)
_45083_/S                               1.50    2.06   -0.56 (VIOLATED)
_23175_/X                               1.51    2.06   -0.54 (VIOLATED)
_23244_/Y                               1.49    1.98   -0.49 (VIOLATED)
_23245_/A                               1.50    1.98   -0.48 (VIOLATED)
_27072_/A2                              1.50    1.98   -0.48 (VIOLATED)
_27093_/B2                              1.50    1.98   -0.48 (VIOLATED)
_45703_/S                               1.50    1.98   -0.48 (VIOLATED)
_45705_/S                               1.50    1.98   -0.48 (VIOLATED)
_45707_/S                               1.50    1.98   -0.48 (VIOLATED)
_45709_/S                               1.50    1.98   -0.48 (VIOLATED)
_45711_/S                               1.50    1.98   -0.48 (VIOLATED)
_45713_/S                               1.50    1.98   -0.48 (VIOLATED)
_45715_/S                               1.50    1.98   -0.48 (VIOLATED)
_45717_/S                               1.50    1.98   -0.48 (VIOLATED)
_45719_/S                               1.50    1.98   -0.48 (VIOLATED)
_45721_/S                               1.50    1.98   -0.48 (VIOLATED)
_45723_/S                               1.50    1.98   -0.48 (VIOLATED)
_45725_/S                               1.50    1.98   -0.48 (VIOLATED)
_45727_/S                               1.50    1.98   -0.48 (VIOLATED)
_45729_/S                               1.50    1.98   -0.48 (VIOLATED)
_45731_/S                               1.50    1.98   -0.48 (VIOLATED)
_45733_/S                               1.50    1.98   -0.48 (VIOLATED)
_45735_/S                               1.50    1.98   -0.48 (VIOLATED)
_45737_/S                               1.50    1.98   -0.48 (VIOLATED)
_45739_/S                               1.50    1.98   -0.48 (VIOLATED)
_45741_/S                               1.50    1.98   -0.48 (VIOLATED)
_45743_/S                               1.50    1.98   -0.48 (VIOLATED)
_45745_/S                               1.50    1.98   -0.48 (VIOLATED)
_45747_/S                               1.50    1.98   -0.48 (VIOLATED)
_45749_/S                               1.50    1.98   -0.48 (VIOLATED)
_45751_/S                               1.50    1.98   -0.48 (VIOLATED)
_45753_/S                               1.50    1.98   -0.48 (VIOLATED)
_45755_/S                               1.50    1.98   -0.48 (VIOLATED)
_45757_/S                               1.50    1.98   -0.48 (VIOLATED)
_45759_/S                               1.50    1.98   -0.48 (VIOLATED)
_45761_/S                               1.50    1.98   -0.48 (VIOLATED)
_45763_/S                               1.50    1.98   -0.48 (VIOLATED)
_45765_/S                               1.50    1.98   -0.48 (VIOLATED)
_28553_/A                               1.50    1.92   -0.42 (VIOLATED)
_28558_/A                               1.50    1.92   -0.42 (VIOLATED)
_28563_/A                               1.50    1.92   -0.42 (VIOLATED)
_44677_/S                               1.50    1.92   -0.42 (VIOLATED)
_44679_/S                               1.50    1.92   -0.42 (VIOLATED)
_44681_/S                               1.50    1.92   -0.42 (VIOLATED)
_44683_/S                               1.50    1.92   -0.42 (VIOLATED)
_44685_/S                               1.50    1.92   -0.42 (VIOLATED)
_44687_/S                               1.50    1.92   -0.42 (VIOLATED)
_44689_/S                               1.50    1.92   -0.42 (VIOLATED)
_44691_/S                               1.50    1.92   -0.42 (VIOLATED)
_44693_/S                               1.50    1.92   -0.42 (VIOLATED)
_44695_/S                               1.50    1.92   -0.42 (VIOLATED)
_44697_/S                               1.50    1.92   -0.42 (VIOLATED)
_44699_/S                               1.50    1.92   -0.42 (VIOLATED)
_44701_/S                               1.50    1.92   -0.42 (VIOLATED)
_44703_/S                               1.50    1.92   -0.42 (VIOLATED)
_44705_/S                               1.50    1.92   -0.42 (VIOLATED)
_44707_/S                               1.50    1.92   -0.42 (VIOLATED)
_44709_/S                               1.50    1.92   -0.42 (VIOLATED)
_44711_/S                               1.50    1.92   -0.42 (VIOLATED)
_44713_/S                               1.50    1.92   -0.42 (VIOLATED)
_44715_/S                               1.50    1.92   -0.42 (VIOLATED)
_44717_/S                               1.50    1.92   -0.42 (VIOLATED)
_44719_/S                               1.50    1.92   -0.42 (VIOLATED)
_44721_/S                               1.50    1.92   -0.42 (VIOLATED)
_44723_/S                               1.50    1.92   -0.42 (VIOLATED)
_44725_/S                               1.50    1.92   -0.42 (VIOLATED)
_44727_/S                               1.50    1.92   -0.42 (VIOLATED)
_44729_/S                               1.50    1.92   -0.42 (VIOLATED)
_44731_/S                               1.50    1.92   -0.42 (VIOLATED)
_44733_/S                               1.50    1.92   -0.42 (VIOLATED)
_44735_/S                               1.50    1.92   -0.42 (VIOLATED)
_27077_/X                               1.51    1.92   -0.41 (VIOLATED)
_24876_/A                               1.50    1.87   -0.37 (VIOLATED)
_26787_/B                               1.50    1.87   -0.37 (VIOLATED)
_26899_/A                               1.50    1.87   -0.37 (VIOLATED)
_44667_/A                               1.50    1.87   -0.37 (VIOLATED)
_44978_/S                               1.50    1.87   -0.37 (VIOLATED)
_44983_/S                               1.50    1.87   -0.37 (VIOLATED)
_44988_/S                               1.50    1.87   -0.37 (VIOLATED)
_44993_/S                               1.50    1.87   -0.37 (VIOLATED)
_45139_/S                               1.50    1.87   -0.37 (VIOLATED)
_45140_/S                               1.50    1.87   -0.37 (VIOLATED)
_45142_/S                               1.50    1.87   -0.37 (VIOLATED)
_45143_/S                               1.50    1.87   -0.37 (VIOLATED)
_45146_/S                               1.50    1.87   -0.37 (VIOLATED)
_45147_/S                               1.50    1.87   -0.37 (VIOLATED)
_45149_/S                               1.50    1.87   -0.37 (VIOLATED)
_45150_/S                               1.50    1.87   -0.37 (VIOLATED)
_45153_/S                               1.50    1.87   -0.37 (VIOLATED)
_45154_/S                               1.50    1.87   -0.37 (VIOLATED)
_45156_/S                               1.50    1.87   -0.37 (VIOLATED)
_45157_/S                               1.50    1.87   -0.37 (VIOLATED)
_45159_/S                               1.50    1.87   -0.37 (VIOLATED)
_45160_/S                               1.50    1.87   -0.37 (VIOLATED)
_45161_/S                               1.50    1.87   -0.37 (VIOLATED)
_45165_/S                               1.50    1.87   -0.37 (VIOLATED)
_45166_/S                               1.50    1.87   -0.37 (VIOLATED)
_45168_/S                               1.50    1.87   -0.37 (VIOLATED)
_45169_/S                               1.50    1.87   -0.37 (VIOLATED)
_45172_/S                               1.50    1.87   -0.37 (VIOLATED)
_45173_/S                               1.50    1.87   -0.37 (VIOLATED)
_45175_/S                               1.50    1.87   -0.37 (VIOLATED)
_45176_/S                               1.50    1.87   -0.37 (VIOLATED)
_45179_/S                               1.50    1.87   -0.37 (VIOLATED)
_45180_/S                               1.50    1.87   -0.37 (VIOLATED)
_45182_/S                               1.50    1.87   -0.37 (VIOLATED)
_45183_/S                               1.50    1.87   -0.37 (VIOLATED)
_45185_/S                               1.50    1.87   -0.37 (VIOLATED)
_45186_/S                               1.50    1.87   -0.37 (VIOLATED)
_45187_/S                               1.50    1.87   -0.37 (VIOLATED)
_45188_/S                               1.50    1.87   -0.37 (VIOLATED)
_45189_/S                               1.50    1.87   -0.37 (VIOLATED)
_45191_/S                               1.50    1.87   -0.37 (VIOLATED)
_45193_/S                               1.50    1.87   -0.37 (VIOLATED)
_45195_/S                               1.50    1.87   -0.37 (VIOLATED)
_45197_/S                               1.50    1.87   -0.37 (VIOLATED)
_45201_/S                               1.50    1.87   -0.37 (VIOLATED)
_45206_/S                               1.50    1.87   -0.37 (VIOLATED)
_45211_/S                               1.50    1.87   -0.37 (VIOLATED)
_45216_/S                               1.50    1.87   -0.37 (VIOLATED)
_45224_/S                               1.50    1.87   -0.37 (VIOLATED)
_45232_/S                               1.50    1.87   -0.37 (VIOLATED)
_45236_/S                               1.50    1.87   -0.37 (VIOLATED)
_45237_/S                               1.50    1.87   -0.37 (VIOLATED)
_45239_/S                               1.50    1.87   -0.37 (VIOLATED)
_45240_/S                               1.50    1.87   -0.37 (VIOLATED)
_45243_/S                               1.50    1.87   -0.37 (VIOLATED)
_45244_/S                               1.50    1.87   -0.37 (VIOLATED)
_45246_/S                               1.50    1.87   -0.37 (VIOLATED)
_45247_/S                               1.50    1.87   -0.37 (VIOLATED)
_45248_/S                               1.50    1.87   -0.37 (VIOLATED)
_45251_/S                               1.50    1.87   -0.37 (VIOLATED)
_45252_/S                               1.50    1.87   -0.37 (VIOLATED)
_45254_/S                               1.50    1.87   -0.37 (VIOLATED)
_45255_/S                               1.50    1.87   -0.37 (VIOLATED)
_45258_/S                               1.50    1.87   -0.37 (VIOLATED)
_45259_/S                               1.50    1.87   -0.37 (VIOLATED)
_45261_/S                               1.50    1.87   -0.37 (VIOLATED)
_45262_/S                               1.50    1.87   -0.37 (VIOLATED)
_47292_/Q                               1.51    1.87   -0.37 (VIOLATED)
_29223_/Y                               1.49    1.83   -0.33 (VIOLATED)
_27851_/Y                               1.49    1.83   -0.33 (VIOLATED)
_44817_/S                               1.50    1.83   -0.33 (VIOLATED)
_44818_/S                               1.50    1.83   -0.33 (VIOLATED)
_44819_/S                               1.50    1.83   -0.33 (VIOLATED)
_44820_/S                               1.50    1.83   -0.33 (VIOLATED)
_44821_/S                               1.50    1.83   -0.33 (VIOLATED)
_44822_/S                               1.50    1.83   -0.33 (VIOLATED)
_44823_/S                               1.50    1.83   -0.33 (VIOLATED)
_44824_/S                               1.50    1.83   -0.33 (VIOLATED)
_44825_/S                               1.50    1.83   -0.33 (VIOLATED)
_44826_/S                               1.50    1.83   -0.33 (VIOLATED)
_44827_/S                               1.50    1.83   -0.33 (VIOLATED)
_44828_/S                               1.50    1.83   -0.33 (VIOLATED)
_44829_/S                               1.50    1.83   -0.33 (VIOLATED)
_44830_/S                               1.50    1.83   -0.33 (VIOLATED)
_44831_/S                               1.50    1.83   -0.33 (VIOLATED)
_44832_/S                               1.50    1.83   -0.33 (VIOLATED)
_44833_/S                               1.50    1.83   -0.33 (VIOLATED)
_44834_/S                               1.50    1.83   -0.33 (VIOLATED)
_44835_/S                               1.50    1.83   -0.33 (VIOLATED)
_44836_/S                               1.50    1.83   -0.33 (VIOLATED)
_44837_/S                               1.50    1.83   -0.33 (VIOLATED)
_44838_/S                               1.50    1.83   -0.33 (VIOLATED)
_44839_/S                               1.50    1.83   -0.33 (VIOLATED)
_44840_/S                               1.50    1.83   -0.33 (VIOLATED)
_44841_/S                               1.50    1.83   -0.33 (VIOLATED)
_44842_/S                               1.50    1.83   -0.33 (VIOLATED)
_44843_/S                               1.50    1.83   -0.33 (VIOLATED)
_44844_/S                               1.50    1.83   -0.33 (VIOLATED)
_44845_/S                               1.50    1.83   -0.33 (VIOLATED)
_44846_/S                               1.50    1.83   -0.33 (VIOLATED)
_44847_/S                               1.50    1.83   -0.33 (VIOLATED)
_44848_/S                               1.50    1.83   -0.33 (VIOLATED)
_45766_/S                               1.50    1.83   -0.33 (VIOLATED)
_45768_/S                               1.50    1.83   -0.33 (VIOLATED)
_45770_/S                               1.50    1.83   -0.33 (VIOLATED)
_45772_/S                               1.50    1.83   -0.33 (VIOLATED)
_45774_/S                               1.50    1.83   -0.33 (VIOLATED)
_45776_/S                               1.50    1.83   -0.33 (VIOLATED)
_45778_/S                               1.50    1.83   -0.33 (VIOLATED)
_45780_/S                               1.50    1.83   -0.33 (VIOLATED)
_45782_/S                               1.50    1.83   -0.33 (VIOLATED)
_45784_/S                               1.50    1.83   -0.33 (VIOLATED)
_45786_/S                               1.50    1.83   -0.33 (VIOLATED)
_45788_/S                               1.50    1.83   -0.33 (VIOLATED)
_45790_/S                               1.50    1.83   -0.33 (VIOLATED)
_45792_/S                               1.50    1.83   -0.33 (VIOLATED)
_45794_/S                               1.50    1.83   -0.33 (VIOLATED)
_45796_/S                               1.50    1.83   -0.33 (VIOLATED)
_45798_/S                               1.50    1.83   -0.33 (VIOLATED)
_45800_/S                               1.50    1.83   -0.33 (VIOLATED)
_45802_/S                               1.50    1.83   -0.33 (VIOLATED)
_45804_/S                               1.50    1.83   -0.33 (VIOLATED)
_45806_/S                               1.50    1.83   -0.33 (VIOLATED)
_45808_/S                               1.50    1.83   -0.33 (VIOLATED)
_45810_/S                               1.50    1.83   -0.33 (VIOLATED)
_45812_/S                               1.50    1.83   -0.33 (VIOLATED)
_45814_/S                               1.50    1.83   -0.33 (VIOLATED)
_45816_/S                               1.50    1.83   -0.33 (VIOLATED)
_45818_/S                               1.50    1.83   -0.33 (VIOLATED)
_45821_/S                               1.50    1.83   -0.33 (VIOLATED)
_45824_/S                               1.50    1.83   -0.33 (VIOLATED)
_45827_/S                               1.50    1.83   -0.33 (VIOLATED)
_45830_/S                               1.50    1.83   -0.33 (VIOLATED)
_45833_/S                               1.50    1.83   -0.33 (VIOLATED)
_24873_/A                               1.50    1.83   -0.33 (VIOLATED)
_26787_/A                               1.50    1.83   -0.33 (VIOLATED)
_44668_/A                               1.50    1.83   -0.33 (VIOLATED)
_44970_/S                               1.50    1.83   -0.33 (VIOLATED)
_44974_/S                               1.50    1.83   -0.33 (VIOLATED)
_44979_/S                               1.50    1.83   -0.33 (VIOLATED)
_44984_/S                               1.50    1.83   -0.33 (VIOLATED)
_44989_/S                               1.50    1.83   -0.33 (VIOLATED)
_44994_/S                               1.50    1.83   -0.33 (VIOLATED)
_44998_/S                               1.50    1.83   -0.33 (VIOLATED)
_45002_/S                               1.50    1.83   -0.33 (VIOLATED)
_45116_/S                               1.50    1.83   -0.33 (VIOLATED)
_45117_/S                               1.50    1.83   -0.33 (VIOLATED)
_45119_/S                               1.50    1.83   -0.33 (VIOLATED)
_45120_/S                               1.50    1.83   -0.33 (VIOLATED)
_45122_/S                               1.50    1.83   -0.33 (VIOLATED)
_45123_/S                               1.50    1.83   -0.33 (VIOLATED)
_45124_/S                               1.50    1.83   -0.33 (VIOLATED)
_45127_/S                               1.50    1.83   -0.33 (VIOLATED)
_45128_/S                               1.50    1.83   -0.33 (VIOLATED)
_45130_/S                               1.50    1.83   -0.33 (VIOLATED)
_45131_/S                               1.50    1.83   -0.33 (VIOLATED)
_45133_/S                               1.50    1.83   -0.33 (VIOLATED)
_45134_/S                               1.50    1.83   -0.33 (VIOLATED)
_45135_/S                               1.50    1.83   -0.33 (VIOLATED)
_45138_/S                               1.50    1.83   -0.33 (VIOLATED)
_45141_/S                               1.50    1.83   -0.33 (VIOLATED)
_45145_/S                               1.50    1.83   -0.33 (VIOLATED)
_45148_/S                               1.50    1.83   -0.33 (VIOLATED)
_45152_/S                               1.50    1.83   -0.33 (VIOLATED)
_45155_/S                               1.50    1.83   -0.33 (VIOLATED)
_45158_/S                               1.50    1.83   -0.33 (VIOLATED)
_45164_/S                               1.50    1.83   -0.33 (VIOLATED)
_45167_/S                               1.50    1.83   -0.33 (VIOLATED)
_45171_/S                               1.50    1.83   -0.33 (VIOLATED)
_45174_/S                               1.50    1.83   -0.33 (VIOLATED)
_45178_/S                               1.50    1.83   -0.33 (VIOLATED)
_45181_/S                               1.50    1.83   -0.33 (VIOLATED)
_45184_/S                               1.50    1.83   -0.33 (VIOLATED)
_45190_/S                               1.50    1.83   -0.33 (VIOLATED)
_45192_/S                               1.50    1.83   -0.33 (VIOLATED)
_45194_/S                               1.50    1.83   -0.33 (VIOLATED)
_45196_/S                               1.50    1.83   -0.33 (VIOLATED)
_45200_/S                               1.50    1.83   -0.33 (VIOLATED)
_45205_/S                               1.50    1.83   -0.33 (VIOLATED)
_45210_/S                               1.50    1.83   -0.33 (VIOLATED)
_45215_/S                               1.50    1.83   -0.33 (VIOLATED)
_45219_/S                               1.50    1.83   -0.33 (VIOLATED)
_45220_/S                               1.50    1.83   -0.33 (VIOLATED)
_45222_/S                               1.50    1.83   -0.33 (VIOLATED)
_45223_/S                               1.50    1.83   -0.33 (VIOLATED)
_45225_/S                               1.50    1.83   -0.33 (VIOLATED)
_45227_/S                               1.50    1.83   -0.33 (VIOLATED)
_45228_/S                               1.50    1.83   -0.33 (VIOLATED)
_45230_/S                               1.50    1.83   -0.33 (VIOLATED)
_45231_/S                               1.50    1.83   -0.33 (VIOLATED)
_45233_/S                               1.50    1.83   -0.33 (VIOLATED)
_45235_/S                               1.50    1.83   -0.33 (VIOLATED)
_45238_/S                               1.50    1.83   -0.33 (VIOLATED)
_45242_/S                               1.50    1.83   -0.33 (VIOLATED)
_45245_/S                               1.50    1.83   -0.33 (VIOLATED)
_45250_/S                               1.50    1.83   -0.33 (VIOLATED)
_45253_/S                               1.50    1.83   -0.33 (VIOLATED)
_45257_/S                               1.50    1.83   -0.33 (VIOLATED)
_45260_/S                               1.50    1.83   -0.33 (VIOLATED)
_26555_/Y                               1.49    1.82   -0.32 (VIOLATED)
_47293_/Q                               1.51    1.83   -0.32 (VIOLATED)
_26557_/A2                              1.50    1.82   -0.32 (VIOLATED)
_44912_/S                               1.50    1.82   -0.32 (VIOLATED)
_44913_/S                               1.50    1.82   -0.32 (VIOLATED)
_44914_/S                               1.50    1.82   -0.32 (VIOLATED)
_44915_/S                               1.50    1.82   -0.32 (VIOLATED)
_44916_/S                               1.50    1.82   -0.32 (VIOLATED)
_44917_/S                               1.50    1.82   -0.32 (VIOLATED)
_44918_/S                               1.50    1.82   -0.32 (VIOLATED)
_44919_/S                               1.50    1.82   -0.32 (VIOLATED)
_44920_/S                               1.50    1.82   -0.32 (VIOLATED)
_44921_/S                               1.50    1.82   -0.32 (VIOLATED)
_44922_/S                               1.50    1.82   -0.32 (VIOLATED)
_44923_/S                               1.50    1.82   -0.32 (VIOLATED)
_44924_/S                               1.50    1.82   -0.32 (VIOLATED)
_44925_/S                               1.50    1.82   -0.32 (VIOLATED)
_44926_/S                               1.50    1.82   -0.32 (VIOLATED)
_44927_/S                               1.50    1.82   -0.32 (VIOLATED)
_44928_/S                               1.50    1.82   -0.32 (VIOLATED)
_44929_/S                               1.50    1.82   -0.32 (VIOLATED)
_44930_/S                               1.50    1.82   -0.32 (VIOLATED)
_44931_/S                               1.50    1.82   -0.32 (VIOLATED)
_44932_/S                               1.50    1.82   -0.32 (VIOLATED)
_44933_/S                               1.50    1.82   -0.32 (VIOLATED)
_44934_/S                               1.50    1.82   -0.32 (VIOLATED)
_44935_/S                               1.50    1.82   -0.32 (VIOLATED)
_44936_/S                               1.50    1.82   -0.32 (VIOLATED)
_44937_/S                               1.50    1.82   -0.32 (VIOLATED)
_44938_/S                               1.50    1.82   -0.32 (VIOLATED)
_44939_/S                               1.50    1.82   -0.32 (VIOLATED)
_44940_/S                               1.50    1.82   -0.32 (VIOLATED)
_44941_/S                               1.50    1.82   -0.32 (VIOLATED)
_45523_/S                               1.50    1.82   -0.32 (VIOLATED)
_24870_/A                               1.50    1.79   -0.29 (VIOLATED)
_26774_/A                               1.50    1.79   -0.29 (VIOLATED)
_27000_/A                               1.50    1.79   -0.29 (VIOLATED)
_44669_/A                               1.50    1.79   -0.29 (VIOLATED)
_44958_/S                               1.50    1.79   -0.29 (VIOLATED)
_44961_/S                               1.50    1.79   -0.29 (VIOLATED)
_44964_/S                               1.50    1.79   -0.29 (VIOLATED)
_44967_/S                               1.50    1.79   -0.29 (VIOLATED)
_44971_/S                               1.50    1.79   -0.29 (VIOLATED)
_44975_/S                               1.50    1.79   -0.29 (VIOLATED)
_44980_/S                               1.50    1.79   -0.29 (VIOLATED)
_44985_/S                               1.50    1.79   -0.29 (VIOLATED)
_44990_/S                               1.50    1.79   -0.29 (VIOLATED)
_44995_/S                               1.50    1.79   -0.29 (VIOLATED)
_44999_/S                               1.50    1.79   -0.29 (VIOLATED)
_45003_/S                               1.50    1.79   -0.29 (VIOLATED)
_45006_/S                               1.50    1.79   -0.29 (VIOLATED)
_45009_/S                               1.50    1.79   -0.29 (VIOLATED)
_45012_/S                               1.50    1.79   -0.29 (VIOLATED)
_45015_/S                               1.50    1.79   -0.29 (VIOLATED)
_45099_/S                               1.50    1.79   -0.29 (VIOLATED)
_45100_/S                               1.50    1.79   -0.29 (VIOLATED)
_45101_/S                               1.50    1.79   -0.29 (VIOLATED)
_45103_/S                               1.50    1.79   -0.29 (VIOLATED)
_45104_/S                               1.50    1.79   -0.29 (VIOLATED)
_45105_/S                               1.50    1.79   -0.29 (VIOLATED)
_45107_/S                               1.50    1.79   -0.29 (VIOLATED)
_45108_/S                               1.50    1.79   -0.29 (VIOLATED)
_45109_/S                               1.50    1.79   -0.29 (VIOLATED)
_45111_/S                               1.50    1.79   -0.29 (VIOLATED)
_45112_/S                               1.50    1.79   -0.29 (VIOLATED)
_45113_/S                               1.50    1.79   -0.29 (VIOLATED)
_45115_/S                               1.50    1.79   -0.29 (VIOLATED)
_45118_/S                               1.50    1.79   -0.29 (VIOLATED)
_45121_/S                               1.50    1.79   -0.29 (VIOLATED)
_45126_/S                               1.50    1.79   -0.29 (VIOLATED)
_45129_/S                               1.50    1.79   -0.29 (VIOLATED)
_45132_/S                               1.50    1.79   -0.29 (VIOLATED)
_45137_/S                               1.50    1.79   -0.29 (VIOLATED)
_45144_/S                               1.50    1.79   -0.29 (VIOLATED)
_45151_/S                               1.50    1.79   -0.29 (VIOLATED)
_45163_/S                               1.50    1.79   -0.29 (VIOLATED)
_45170_/S                               1.50    1.79   -0.29 (VIOLATED)
_45177_/S                               1.50    1.79   -0.29 (VIOLATED)
_45198_/S                               1.50    1.79   -0.29 (VIOLATED)
_45199_/S                               1.50    1.79   -0.29 (VIOLATED)
_45202_/S                               1.50    1.79   -0.29 (VIOLATED)
_45203_/S                               1.50    1.79   -0.29 (VIOLATED)
_45204_/S                               1.50    1.79   -0.29 (VIOLATED)
_45207_/S                               1.50    1.79   -0.29 (VIOLATED)
_45208_/S                               1.50    1.79   -0.29 (VIOLATED)
_45209_/S                               1.50    1.79   -0.29 (VIOLATED)
_45212_/S                               1.50    1.79   -0.29 (VIOLATED)
_45213_/S                               1.50    1.79   -0.29 (VIOLATED)
_45214_/S                               1.50    1.79   -0.29 (VIOLATED)
_45217_/S                               1.50    1.79   -0.29 (VIOLATED)
_45218_/S                               1.50    1.79   -0.29 (VIOLATED)
_45221_/S                               1.50    1.79   -0.29 (VIOLATED)
_45226_/S                               1.50    1.79   -0.29 (VIOLATED)
_45229_/S                               1.50    1.79   -0.29 (VIOLATED)
_45234_/S                               1.50    1.79   -0.29 (VIOLATED)
_45241_/S                               1.50    1.79   -0.29 (VIOLATED)
_45249_/S                               1.50    1.79   -0.29 (VIOLATED)
_45256_/S                               1.50    1.79   -0.29 (VIOLATED)
_47294_/Q                               1.51    1.79   -0.29 (VIOLATED)
_23259_/B                               1.50    1.78   -0.28 (VIOLATED)
_45904_/S0                              1.50    1.78   -0.28 (VIOLATED)
_45910_/S0                              1.50    1.78   -0.28 (VIOLATED)
_45916_/S0                              1.50    1.78   -0.28 (VIOLATED)
_45922_/S0                              1.50    1.78   -0.28 (VIOLATED)
_45928_/S0                              1.50    1.78   -0.28 (VIOLATED)
_45934_/S0                              1.50    1.78   -0.28 (VIOLATED)
_45940_/S0                              1.50    1.78   -0.28 (VIOLATED)
_45946_/S0                              1.50    1.78   -0.28 (VIOLATED)
_45952_/S0                              1.50    1.78   -0.28 (VIOLATED)
_45958_/S0                              1.50    1.78   -0.28 (VIOLATED)
_45964_/S0                              1.50    1.78   -0.28 (VIOLATED)
_45970_/S0                              1.50    1.78   -0.28 (VIOLATED)
_45976_/S0                              1.50    1.78   -0.28 (VIOLATED)
_45982_/S0                              1.50    1.78   -0.28 (VIOLATED)
_45988_/S0                              1.50    1.78   -0.28 (VIOLATED)
_45994_/S0                              1.50    1.78   -0.28 (VIOLATED)
_46000_/S0                              1.50    1.78   -0.28 (VIOLATED)
_46006_/S0                              1.50    1.78   -0.28 (VIOLATED)
_46012_/S0                              1.50    1.78   -0.28 (VIOLATED)
_46018_/S0                              1.50    1.78   -0.28 (VIOLATED)
_46024_/S0                              1.50    1.78   -0.28 (VIOLATED)
_46030_/S0                              1.50    1.78   -0.28 (VIOLATED)
_46036_/S0                              1.50    1.78   -0.28 (VIOLATED)
_46042_/S0                              1.50    1.78   -0.28 (VIOLATED)
_46048_/S0                              1.50    1.78   -0.28 (VIOLATED)
_46054_/S0                              1.50    1.78   -0.28 (VIOLATED)
_46060_/S0                              1.50    1.78   -0.28 (VIOLATED)
_46066_/S0                              1.50    1.78   -0.28 (VIOLATED)
_46072_/S0                              1.50    1.78   -0.28 (VIOLATED)
_46078_/S0                              1.50    1.78   -0.28 (VIOLATED)
_46084_/S0                              1.50    1.78   -0.28 (VIOLATED)
_46090_/S0                              1.50    1.78   -0.28 (VIOLATED)
_45595_/X                               1.51    1.78   -0.27 (VIOLATED)
_24866_/A                               1.50    1.65   -0.15 (VIOLATED)
_26759_/A                               1.50    1.65   -0.15 (VIOLATED)
_44670_/A                               1.50    1.65   -0.15 (VIOLATED)
_44942_/S                               1.50    1.65   -0.15 (VIOLATED)
_44944_/S                               1.50    1.65   -0.15 (VIOLATED)
_44946_/S                               1.50    1.65   -0.15 (VIOLATED)
_44948_/S                               1.50    1.65   -0.15 (VIOLATED)
_44950_/S                               1.50    1.65   -0.15 (VIOLATED)
_44952_/S                               1.50    1.65   -0.15 (VIOLATED)
_44954_/S                               1.50    1.65   -0.15 (VIOLATED)
_44956_/S                               1.50    1.65   -0.15 (VIOLATED)
_44959_/S                               1.50    1.65   -0.15 (VIOLATED)
_44962_/S                               1.50    1.65   -0.15 (VIOLATED)
_44965_/S                               1.50    1.65   -0.15 (VIOLATED)
_44968_/S                               1.50    1.65   -0.15 (VIOLATED)
_44972_/S                               1.50    1.65   -0.15 (VIOLATED)
_44976_/S                               1.50    1.65   -0.15 (VIOLATED)
_44981_/S                               1.50    1.65   -0.15 (VIOLATED)
_44986_/S                               1.50    1.65   -0.15 (VIOLATED)
_44991_/S                               1.50    1.65   -0.15 (VIOLATED)
_44996_/S                               1.50    1.65   -0.15 (VIOLATED)
_45000_/S                               1.50    1.65   -0.15 (VIOLATED)
_45004_/S                               1.50    1.65   -0.15 (VIOLATED)
_45007_/S                               1.50    1.65   -0.15 (VIOLATED)
_45010_/S                               1.50    1.65   -0.15 (VIOLATED)
_45013_/S                               1.50    1.65   -0.15 (VIOLATED)
_45016_/S                               1.50    1.65   -0.15 (VIOLATED)
_45018_/S                               1.50    1.65   -0.15 (VIOLATED)
_45020_/S                               1.50    1.65   -0.15 (VIOLATED)
_45022_/S                               1.50    1.65   -0.15 (VIOLATED)
_45024_/S                               1.50    1.65   -0.15 (VIOLATED)
_45026_/S                               1.50    1.65   -0.15 (VIOLATED)
_45028_/S                               1.50    1.65   -0.15 (VIOLATED)
_45030_/S                               1.50    1.65   -0.15 (VIOLATED)
_45032_/S                               1.50    1.65   -0.15 (VIOLATED)
_45090_/S                               1.50    1.65   -0.15 (VIOLATED)
_45091_/S                               1.50    1.65   -0.15 (VIOLATED)
_45092_/S                               1.50    1.65   -0.15 (VIOLATED)
_45093_/S                               1.50    1.65   -0.15 (VIOLATED)
_45094_/S                               1.50    1.65   -0.15 (VIOLATED)
_45095_/S                               1.50    1.65   -0.15 (VIOLATED)
_45096_/S                               1.50    1.65   -0.15 (VIOLATED)
_45097_/S                               1.50    1.65   -0.15 (VIOLATED)
_45098_/S                               1.50    1.65   -0.15 (VIOLATED)
_45102_/S                               1.50    1.65   -0.15 (VIOLATED)
_45106_/S                               1.50    1.65   -0.15 (VIOLATED)
_45110_/S                               1.50    1.65   -0.15 (VIOLATED)
_45114_/S                               1.50    1.65   -0.15 (VIOLATED)
_45125_/S                               1.50    1.65   -0.15 (VIOLATED)
_45136_/S                               1.50    1.65   -0.15 (VIOLATED)
_45162_/S                               1.50    1.65   -0.15 (VIOLATED)
_45624_/S                               1.50    1.65   -0.15 (VIOLATED)
_45625_/S                               1.50    1.65   -0.15 (VIOLATED)
_45626_/S                               1.50    1.65   -0.15 (VIOLATED)
_45627_/S                               1.50    1.65   -0.15 (VIOLATED)
_45628_/S                               1.50    1.65   -0.15 (VIOLATED)
_45629_/S                               1.50    1.65   -0.15 (VIOLATED)
_45630_/S                               1.50    1.65   -0.15 (VIOLATED)
_45631_/S                               1.50    1.65   -0.15 (VIOLATED)
_47295_/Q                               1.51    1.65   -0.15 (VIOLATED)
_46091_/S0                              1.50    1.56   -0.06 (VIOLATED)
_46092_/S0                              1.50    1.56   -0.06 (VIOLATED)
_46093_/S0                              1.50    1.56   -0.06 (VIOLATED)
_46094_/S0                              1.50    1.56   -0.06 (VIOLATED)
_46095_/S0                              1.50    1.56   -0.06 (VIOLATED)
_46096_/S0                              1.50    1.56   -0.06 (VIOLATED)
_46097_/S0                              1.50    1.56   -0.06 (VIOLATED)
_46098_/S0                              1.50    1.56   -0.06 (VIOLATED)
_46099_/S0                              1.50    1.56   -0.06 (VIOLATED)
_46100_/S0                              1.50    1.56   -0.06 (VIOLATED)
_46101_/S0                              1.50    1.56   -0.06 (VIOLATED)
_46102_/S0                              1.50    1.56   -0.06 (VIOLATED)
_46103_/S0                              1.50    1.56   -0.06 (VIOLATED)
_46104_/S0                              1.50    1.56   -0.06 (VIOLATED)
_46105_/S0                              1.50    1.56   -0.06 (VIOLATED)
_46106_/S0                              1.50    1.56   -0.06 (VIOLATED)
_46107_/S0                              1.50    1.56   -0.06 (VIOLATED)
_46108_/S0                              1.50    1.56   -0.06 (VIOLATED)
_46109_/S0                              1.50    1.56   -0.06 (VIOLATED)
_46110_/S0                              1.50    1.56   -0.06 (VIOLATED)
_46111_/S0                              1.50    1.56   -0.06 (VIOLATED)
_46112_/S0                              1.50    1.56   -0.06 (VIOLATED)
_46113_/S0                              1.50    1.56   -0.06 (VIOLATED)
_46114_/S0                              1.50    1.56   -0.06 (VIOLATED)
_46115_/S0                              1.50    1.56   -0.06 (VIOLATED)
_46116_/S0                              1.50    1.56   -0.06 (VIOLATED)
_46117_/S0                              1.50    1.56   -0.06 (VIOLATED)
_46118_/S0                              1.50    1.56   -0.06 (VIOLATED)
_46119_/S0                              1.50    1.56   -0.06 (VIOLATED)
_44675_/X                               1.51    1.56   -0.05 (VIOLATED)
_23260_/C                               1.50    1.50   -0.00 (VIOLATED)
_45561_/S                               1.50    1.50   -0.00 (VIOLATED)
_45562_/S                               1.50    1.50   -0.00 (VIOLATED)
_45563_/S                               1.50    1.50   -0.00 (VIOLATED)
_45564_/S                               1.50    1.50   -0.00 (VIOLATED)
_45565_/S                               1.50    1.50   -0.00 (VIOLATED)
_45566_/S                               1.50    1.50   -0.00 (VIOLATED)
_45567_/S                               1.50    1.50   -0.00 (VIOLATED)
_45568_/S                               1.50    1.50   -0.00 (VIOLATED)
_45569_/S                               1.50    1.50   -0.00 (VIOLATED)
_45570_/S                               1.50    1.50   -0.00 (VIOLATED)
_45571_/S                               1.50    1.50   -0.00 (VIOLATED)
_45572_/S                               1.50    1.50   -0.00 (VIOLATED)
_45573_/S                               1.50    1.50   -0.00 (VIOLATED)
_45574_/S                               1.50    1.50   -0.00 (VIOLATED)
_45575_/S                               1.50    1.50   -0.00 (VIOLATED)
_45576_/S                               1.50    1.50   -0.00 (VIOLATED)
_45577_/S                               1.50    1.50   -0.00 (VIOLATED)
_45578_/S                               1.50    1.50   -0.00 (VIOLATED)
_45579_/S                               1.50    1.50   -0.00 (VIOLATED)
_45580_/S                               1.50    1.50   -0.00 (VIOLATED)
_45581_/S                               1.50    1.50   -0.00 (VIOLATED)
_45582_/S                               1.50    1.50   -0.00 (VIOLATED)
_45583_/S                               1.50    1.50   -0.00 (VIOLATED)
_45584_/S                               1.50    1.50   -0.00 (VIOLATED)
_45585_/S                               1.50    1.50   -0.00 (VIOLATED)
_45586_/S                               1.50    1.50   -0.00 (VIOLATED)
_45587_/S                               1.50    1.50   -0.00 (VIOLATED)
_45588_/S                               1.50    1.50   -0.00 (VIOLATED)
_45589_/S                               1.50    1.50   -0.00 (VIOLATED)
_45590_/S                               1.50    1.50   -0.00 (VIOLATED)
_45591_/S                               1.50    1.50   -0.00 (VIOLATED)
_45592_/S                               1.50    1.50   -0.00 (VIOLATED)

max capacitance

Pin                                    Limit     Cap   Slack
------------------------------------------------------------
_45597_/X                               0.23    0.63   -0.40 (VIOLATED)
_45596_/X                               0.23    0.42   -0.19 (VIOLATED)

