Startpoint: _46495_ (rising edge-triggered flip-flop clocked by clk)
Endpoint: _46495_ (rising edge-triggered flip-flop clocked by clk)
Path Group: clk
Path Type: min

Fanout     Cap    Slew   Delay    Time   Description
-----------------------------------------------------------------------------
                  0.00    0.00    0.00   clock clk (rise edge)
                          0.00    0.00   clock network delay (ideal)
                  0.00    0.00    0.00 ^ _46495_/CLK (sky130_fd_sc_hd__dfxtp_2)
                  0.03    0.18    0.18 ^ _46495_/Q (sky130_fd_sc_hd__dfxtp_2)
     2    0.00                           cpuregs[0][0] (net)
                  0.03    0.00    0.18 ^ _26468_/A (sky130_fd_sc_hd__buf_1)
                  0.02    0.04    0.23 ^ _26468_/X (sky130_fd_sc_hd__buf_1)
     1    0.00                           _02835_ (net)
                  0.02    0.00    0.23 ^ _46495_/D (sky130_fd_sc_hd__dfxtp_2)
                                  0.23   data arrival time

                  0.00    0.00    0.00   clock clk (rise edge)
                          0.00    0.00   clock network delay (ideal)
                          0.00    0.00   clock reconvergence pessimism
                                  0.00 ^ _46495_/CLK (sky130_fd_sc_hd__dfxtp_2)
                         -0.02   -0.02   library hold time
                                 -0.02   data required time
-----------------------------------------------------------------------------
                                 -0.02   data required time
                                 -0.23   data arrival time
-----------------------------------------------------------------------------
                                  0.24   slack (MET)


Startpoint: _47293_ (rising edge-triggered flip-flop clocked by clk)
Endpoint: _46307_ (rising edge-triggered flip-flop clocked by clk)
Path Group: clk
Path Type: max

Fanout     Cap    Slew   Delay    Time   Description
-----------------------------------------------------------------------------
                  0.00    0.00    0.00   clock clk (rise edge)
                          0.00    0.00   clock network delay (ideal)
                  0.00    0.00    0.00 ^ _47293_/CLK (sky130_fd_sc_hd__dfxtp_2)
                  0.92    1.25    1.25 v _47293_/Q (sky130_fd_sc_hd__dfxtp_2)
    66    0.22                           mem_la_wdata[1] (net)
                  0.92    0.00    1.25 v _26787_/A (sky130_fd_sc_hd__nor2_2)
                  0.25    0.43    1.68 ^ _26787_/Y (sky130_fd_sc_hd__nor2_2)
     2    0.00                           _22478_ (net)
                  0.25    0.00    1.68 ^ _26788_/A (sky130_fd_sc_hd__and2_2)
                  0.10    0.36    2.04 ^ _26788_/X (sky130_fd_sc_hd__and2_2)
     2    0.01                           _22479_ (net)
                  0.10    0.00    2.04 ^ _26789_/A (sky130_fd_sc_hd__nand2_2)
                  0.15    0.16    2.20 v _26789_/Y (sky130_fd_sc_hd__nand2_2)
     4    0.02                           _22480_ (net)
                  0.15    0.00    2.20 v _29765_/B (sky130_fd_sc_hd__or2_4)
                  0.10    0.49    2.69 v _29765_/X (sky130_fd_sc_hd__or2_4)
     3    0.01                           _05387_ (net)
                  0.10    0.00    2.69 v _29777_/B (sky130_fd_sc_hd__or2_2)
                  0.15    0.69    3.38 v _29777_/X (sky130_fd_sc_hd__or2_2)
     3    0.01                           _05397_ (net)
                  0.15    0.00    3.38 v _29787_/B (sky130_fd_sc_hd__or2_2)
                  0.15    0.71    4.09 v _29787_/X (sky130_fd_sc_hd__or2_2)
     3    0.01                           _05405_ (net)
                  0.15    0.00    4.09 v _29796_/B (sky130_fd_sc_hd__nor2_2)
                  0.18    0.21    4.30 ^ _29796_/Y (sky130_fd_sc_hd__nor2_2)
     3    0.01                           _05412_ (net)
                  0.18    0.00    4.30 ^ _29805_/A (sky130_fd_sc_hd__nand2_2)
                  0.11    0.16    4.47 v _29805_/Y (sky130_fd_sc_hd__nand2_2)
     3    0.01                           _05419_ (net)
                  0.11    0.00    4.47 v _29818_/B (sky130_fd_sc_hd__or2_2)
                  0.15    0.70    5.16 v _29818_/X (sky130_fd_sc_hd__or2_2)
     3    0.01                           _05430_ (net)
                  0.15    0.00    5.16 v _29826_/B (sky130_fd_sc_hd__or2_2)
                  0.15    0.71    5.87 v _29826_/X (sky130_fd_sc_hd__or2_2)
     3    0.01                           _05436_ (net)
                  0.15    0.00    5.87 v _29838_/B (sky130_fd_sc_hd__or2_2)
                  0.15    0.71    6.59 v _29838_/X (sky130_fd_sc_hd__or2_2)
     3    0.01                           _05446_ (net)
                  0.15    0.00    6.59 v _29847_/B (sky130_fd_sc_hd__nor2_2)
                  0.18    0.21    6.80 ^ _29847_/Y (sky130_fd_sc_hd__nor2_2)
     3    0.01                           _05453_ (net)
                  0.18    0.00    6.80 ^ _29858_/A (sky130_fd_sc_hd__nand2_2)
                  0.11    0.16    6.96 v _29858_/Y (sky130_fd_sc_hd__nand2_2)
     3    0.01                           _05462_ (net)
                  0.11    0.00    6.96 v _29866_/B (sky130_fd_sc_hd__or2_2)
                  0.15    0.70    7.66 v _29866_/X (sky130_fd_sc_hd__or2_2)
     3    0.01                           _05468_ (net)
                  0.15    0.00    7.66 v _29876_/B (sky130_fd_sc_hd__or2_2)
                  0.15    0.71    8.37 v _29876_/X (sky130_fd_sc_hd__or2_2)
     3    0.01                           _05476_ (net)
                  0.15    0.00    8.37 v _29885_/B (sky130_fd_sc_hd__nor2_2)
                  0.18    0.21    8.58 ^ _29885_/Y (sky130_fd_sc_hd__nor2_2)
     3    0.01                           _05483_ (net)
                  0.18    0.00    8.58 ^ _29895_/A (sky130_fd_sc_hd__nand2_2)
                  0.11    0.16    8.74 v _29895_/Y (sky130_fd_sc_hd__nand2_2)
     3    0.01                           _05491_ (net)
                  0.11    0.00    8.74 v _29902_/B (sky130_fd_sc_hd__nor2_2)
                  0.18    0.19    8.94 ^ _29902_/Y (sky130_fd_sc_hd__nor2_2)
     3    0.01                           _05496_ (net)
                  0.18    0.00    8.94 ^ _29916_/A (sky130_fd_sc_hd__nand2_2)
                  0.13    0.18    9.12 v _29916_/Y (sky130_fd_sc_hd__nand2_2)
     3    0.01                           _05508_ (net)
                  0.13    0.00    9.12 v _29925_/B (sky130_fd_sc_hd__nor2_2)
                  0.17    0.20    9.32 ^ _29925_/Y (sky130_fd_sc_hd__nor2_2)
     2    0.01                           _05515_ (net)
                  0.17    0.00    9.32 ^ _29936_/A (sky130_fd_sc_hd__nand2_2)
                  0.11    0.16    9.48 v _29936_/Y (sky130_fd_sc_hd__nand2_2)
     3    0.01                           _05524_ (net)
                  0.11    0.00    9.48 v _29945_/B (sky130_fd_sc_hd__or2_2)
                  0.15    0.70   10.17 v _29945_/X (sky130_fd_sc_hd__or2_2)
     3    0.01                           _05531_ (net)
                  0.15    0.00   10.17 v _29954_/B (sky130_fd_sc_hd__nor2_2)
                  0.18    0.21   10.38 ^ _29954_/Y (sky130_fd_sc_hd__nor2_2)
     3    0.01                           _05538_ (net)
                  0.18    0.00   10.38 ^ _29965_/A (sky130_fd_sc_hd__nand2_2)
                  0.13    0.18   10.56 v _29965_/Y (sky130_fd_sc_hd__nand2_2)
     3    0.01                           _05547_ (net)
                  0.13    0.00   10.56 v _29975_/B (sky130_fd_sc_hd__nor2_2)
                  0.19    0.21   10.78 ^ _29975_/Y (sky130_fd_sc_hd__nor2_2)
     3    0.01                           _05555_ (net)
                  0.19    0.00   10.78 ^ _29986_/A (sky130_fd_sc_hd__nand2_2)
                  0.12    0.17   10.95 v _29986_/Y (sky130_fd_sc_hd__nand2_2)
     3    0.01                           _05564_ (net)
                  0.12    0.00   10.95 v _30001_/A (sky130_fd_sc_hd__and2_2)
                  0.06    0.35   11.30 v _30001_/X (sky130_fd_sc_hd__and2_2)
     1    0.00                           _05577_ (net)
                  0.06    0.00   11.30 v _30002_/B (sky130_fd_sc_hd__or2_2)
                  0.10    0.59   11.90 v _30002_/X (sky130_fd_sc_hd__or2_2)
     1    0.00                           _02397_ (net)
                  0.10    0.00   11.90 v _45267_/A0 (sky130_fd_sc_hd__mux2_1)
                  0.15    0.69   12.59 v _45267_/X (sky130_fd_sc_hd__mux2_1)
     2    0.01                           _02398_ (net)
                  0.15    0.00   12.59 v _30004_/A (sky130_vsdinv)
                  0.09    0.13   12.72 ^ _30004_/Y (sky130_vsdinv)
     1    0.00                           _05579_ (net)
                  0.09    0.00   12.72 ^ _30005_/B (sky130_fd_sc_hd__nor2_2)
                  0.06    0.08   12.79 v _30005_/Y (sky130_fd_sc_hd__nor2_2)
     2    0.01                           _05580_ (net)
                  0.06    0.00   12.79 v _30006_/B (sky130_fd_sc_hd__nor2_2)
                  0.29    0.25   13.05 ^ _30006_/Y (sky130_fd_sc_hd__nor2_2)
     2    0.01                           _05581_ (net)
                  0.29    0.00   13.05 ^ _30019_/B (sky130_fd_sc_hd__nand2_2)
                  0.06    0.14   13.19 v _30019_/Y (sky130_fd_sc_hd__nand2_2)
     1    0.00                           _05592_ (net)
                  0.06    0.00   13.19 v _30020_/B1_N (sky130_fd_sc_hd__o21bai_2)
                  0.14    0.42   13.61 v _30020_/Y (sky130_fd_sc_hd__o21bai_2)
     2    0.01                           _05593_ (net)
                  0.14    0.00   13.61 v _30034_/B1 (sky130_fd_sc_hd__a22oi_2)
                  0.32    0.31   13.92 ^ _30034_/Y (sky130_fd_sc_hd__a22oi_2)
     3    0.01                           _05605_ (net)
                  0.32    0.00   13.92 ^ _30046_/B2 (sky130_fd_sc_hd__o22ai_2)
                  0.19    0.26   14.18 v _30046_/Y (sky130_fd_sc_hd__o22ai_2)
     3    0.01                           _05615_ (net)
                  0.19    0.00   14.18 v _30057_/A2_N (sky130_fd_sc_hd__o2bb2ai_2)
                  0.08    0.27   14.46 v _30057_/Y (sky130_fd_sc_hd__o2bb2ai_2)
     1    0.00                           _05624_ (net)
                  0.08    0.00   14.46 v _30058_/C1 (sky130_fd_sc_hd__o211ai_2)
                  0.21    0.10   14.56 ^ _30058_/Y (sky130_fd_sc_hd__o211ai_2)
     1    0.00                           _05625_ (net)
                  0.21    0.00   14.56 ^ _30059_/B (sky130_fd_sc_hd__nand2_2)
                  0.06    0.13   14.69 v _30059_/Y (sky130_fd_sc_hd__nand2_2)
     1    0.00                           _02615_ (net)
                  0.06    0.00   14.69 v _46307_/D (sky130_fd_sc_hd__dfxtp_2)
                                 14.69   data arrival time

                  0.00   15.00   15.00   clock clk (rise edge)
                          0.00   15.00   clock network delay (ideal)
                          0.00   15.00   clock reconvergence pessimism
                                 15.00 ^ _46307_/CLK (sky130_fd_sc_hd__dfxtp_2)
                         -0.29   14.71   library setup time
                                 14.71   data required time
-----------------------------------------------------------------------------
                                 14.71   data required time
                                -14.69   data arrival time
-----------------------------------------------------------------------------
                                  0.02   slack (MET)


