Startpoint: _47391_ (rising edge-triggered flip-flop clocked by clk)
Endpoint: _47391_ (rising edge-triggered flip-flop clocked by clk)
Path Group: clk
Path Type: min

Fanout     Cap    Slew   Delay    Time   Description
-----------------------------------------------------------------------------
                  0.00    0.00    0.00   clock clk (rise edge)
                          0.00    0.00   clock network delay (ideal)
                  0.00    0.00    0.00 ^ _47391_/CLK (sky130_fd_sc_hd__dfxtp_1)
                  0.02    0.16    0.16 ^ _47391_/Q (sky130_fd_sc_hd__dfxtp_1)
     3    0.00                           count_cycle[0] (net)
                  0.02    0.00    0.16 ^ _24618_/A (sky130_fd_sc_hd__nor2_1)
                  0.02    0.02    0.18 v _24618_/Y (sky130_fd_sc_hd__nor2_1)
     1    0.00                           _03731_ (net)
                  0.02    0.00    0.18 v _47391_/D (sky130_fd_sc_hd__dfxtp_1)
                                  0.18   data arrival time

                  0.00    0.00    0.00   clock clk (rise edge)
                          0.00    0.00   clock network delay (ideal)
                          0.00    0.00   clock reconvergence pessimism
                                  0.00 ^ _47391_/CLK (sky130_fd_sc_hd__dfxtp_1)
                         -0.04   -0.04   library hold time
                                 -0.04   data required time
-----------------------------------------------------------------------------
                                 -0.04   data required time
                                 -0.18   data arrival time
-----------------------------------------------------------------------------
                                  0.22   slack (MET)


Startpoint: _46706_ (rising edge-triggered flip-flop clocked by clk)
Endpoint: _46397_ (rising edge-triggered flip-flop clocked by clk)
Path Group: clk
Path Type: max

Fanout     Cap    Slew   Delay    Time   Description
-----------------------------------------------------------------------------
                  0.00    0.00    0.00   clock clk (rise edge)
                          0.00    0.00   clock network delay (ideal)
                  0.00    0.00    0.00 ^ _46706_/CLK (sky130_fd_sc_hd__dfxtp_1)
                  0.20    0.69    0.69 ^ _46706_/Q (sky130_fd_sc_hd__dfxtp_1)
     2    0.01                           pcpi_mul.rs1[19] (net)
                  0.20    0.00    0.69 ^ _32635_/A (sky130_fd_sc_hd__clkbuf_2)
                  0.17    0.32    1.02 ^ _32635_/X (sky130_fd_sc_hd__clkbuf_2)
     4    0.02                           _08184_ (net)
                  0.17    0.00    1.02 ^ _33470_/A (sky130_fd_sc_hd__buf_2)
                  1.02    0.89    1.90 ^ _33470_/X (sky130_fd_sc_hd__buf_2)
     4    0.13                           _09016_ (net)
                  1.03    0.06    1.97 ^ _33471_/A (sky130_fd_sc_hd__clkbuf_4)
                  0.18    0.69    2.65 ^ _33471_/X (sky130_fd_sc_hd__clkbuf_4)
     4    0.03                           _09017_ (net)
                  0.18    0.00    2.66 ^ _35766_/B2 (sky130_fd_sc_hd__a22oi_4)
                  0.09    0.13    2.78 v _35766_/Y (sky130_fd_sc_hd__a22oi_4)
     2    0.00                           _11305_ (net)
                  0.09    0.00    2.78 v _35771_/B1 (sky130_fd_sc_hd__a211o_2)
                  0.16    0.68    3.46 v _35771_/X (sky130_fd_sc_hd__a211o_2)
     1    0.02                           _11310_ (net)
                  0.16    0.00    3.46 v _35776_/A (sky130_fd_sc_hd__nand2_8)
                  0.21    0.23    3.70 ^ _35776_/Y (sky130_fd_sc_hd__nand2_8)
     4    0.07                           _11315_ (net)
                  0.21    0.00    3.70 ^ _36111_/A (sky130_fd_sc_hd__nand2_1)
                  0.24    0.28    3.98 v _36111_/Y (sky130_fd_sc_hd__nand2_1)
     1    0.01                           _11649_ (net)
                  0.25    0.00    3.98 v _36112_/A (sky130_fd_sc_hd__nand2_4)
                  0.16    0.24    4.22 ^ _36112_/Y (sky130_fd_sc_hd__nand2_4)
     4    0.03                           _11650_ (net)
                  0.16    0.00    4.22 ^ _36113_/B1 (sky130_fd_sc_hd__a21oi_4)
                  0.09    0.09    4.31 v _36113_/Y (sky130_fd_sc_hd__a21oi_4)
     2    0.01                           _11651_ (net)
                  0.09    0.00    4.31 v _36335_/A2 (sky130_fd_sc_hd__o21ai_4)
                  2.28    1.63    5.94 ^ _36335_/Y (sky130_fd_sc_hd__o21ai_4)
     3    0.21                           _11872_ (net)
                  2.32    0.24    6.18 ^ _36336_/B1_N (sky130_fd_sc_hd__o21bai_4)
                  0.50    1.01    7.19 ^ _36336_/Y (sky130_fd_sc_hd__o21bai_4)
     4    0.04                           _11873_ (net)
                  0.50    0.00    7.19 ^ _36342_/B1 (sky130_fd_sc_hd__a22oi_4)
                  0.17    0.23    7.42 v _36342_/Y (sky130_fd_sc_hd__a22oi_4)
     1    0.01                           _11879_ (net)
                  0.17    0.00    7.42 v _36347_/B1 (sky130_fd_sc_hd__o22ai_4)
                  0.28    0.29    7.71 ^ _36347_/Y (sky130_fd_sc_hd__o22ai_4)
     3    0.01                           _11884_ (net)
                  0.28    0.00    7.71 ^ _36348_/A (sky130_fd_sc_hd__clkbuf_2)
                  0.17    0.35    8.06 ^ _36348_/X (sky130_fd_sc_hd__clkbuf_2)
     4    0.02                           _11885_ (net)
                  0.17    0.00    8.06 ^ _36620_/B (sky130_fd_sc_hd__nand2_1)
                  0.16    0.21    8.27 v _36620_/Y (sky130_fd_sc_hd__nand2_1)
     1    0.01                           _12157_ (net)
                  0.16    0.00    8.27 v _36621_/A2 (sky130_fd_sc_hd__o2111ai_4)
                  0.26    0.32    8.59 ^ _36621_/Y (sky130_fd_sc_hd__o2111ai_4)
     1    0.01                           _12158_ (net)
                  0.26    0.00    8.59 ^ _36624_/B (sky130_fd_sc_hd__nand3_2)
                  0.16    0.24    8.83 v _36624_/Y (sky130_fd_sc_hd__nand3_2)
     3    0.01                           _12161_ (net)
                  0.16    0.00    8.83 v _36625_/A (sky130_fd_sc_hd__clkbuf_2)
                  0.07    0.25    9.08 v _36625_/X (sky130_fd_sc_hd__clkbuf_2)
     4    0.01                           _12162_ (net)
                  0.07    0.00    9.08 v _36639_/C (sky130_fd_sc_hd__nand3b_4)
                  0.10    0.13    9.21 ^ _36639_/Y (sky130_fd_sc_hd__nand3b_4)
     1    0.01                           _12176_ (net)
                  0.10    0.00    9.21 ^ _36640_/C (sky130_fd_sc_hd__nand3_4)
                  0.38    0.36    9.57 v _36640_/Y (sky130_fd_sc_hd__nand3_4)
     4    0.05                           _12177_ (net)
                  0.38    0.01    9.58 v _36652_/A2_N (sky130_fd_sc_hd__o2bb2ai_4)
                  0.10    0.35    9.94 v _36652_/Y (sky130_fd_sc_hd__o2bb2ai_4)
     3    0.01                           _12189_ (net)
                  0.10    0.00    9.94 v _36654_/A1 (sky130_fd_sc_hd__a21oi_4)
                  0.23    0.26   10.20 ^ _36654_/Y (sky130_fd_sc_hd__a21oi_4)
     2    0.01                           _12191_ (net)
                  0.23    0.00   10.20 ^ _37062_/B2 (sky130_fd_sc_hd__o22a_1)
                  0.09    0.30   10.50 ^ _37062_/X (sky130_fd_sc_hd__o22a_1)
     1    0.00                           _12598_ (net)
                  0.09    0.00   10.50 ^ _37063_/B1 (sky130_fd_sc_hd__o21ai_1)
                  0.12    0.15   10.65 v _37063_/Y (sky130_fd_sc_hd__o21ai_1)
     1    0.00                           _12599_ (net)
                  0.12    0.00   10.65 v _37064_/B1 (sky130_fd_sc_hd__a21oi_2)
                  0.26    0.28   10.93 ^ _37064_/Y (sky130_fd_sc_hd__a21oi_2)
     1    0.01                           _12600_ (net)
                  0.26    0.00   10.93 ^ _37065_/C (sky130_fd_sc_hd__nand3_4)
                  0.74    0.66   11.59 v _37065_/Y (sky130_fd_sc_hd__nand3_4)
     4    0.11                           _12601_ (net)
                  0.75    0.04   11.63 v _37066_/A (sky130_fd_sc_hd__buf_4)
                  0.12    0.62   12.25 v _37066_/X (sky130_fd_sc_hd__buf_4)
     4    0.04                           _12602_ (net)
                  0.12    0.00   12.25 v _38622_/B (sky130_fd_sc_hd__and2b_2)
                  0.13    0.51   12.76 v _38622_/X (sky130_fd_sc_hd__and2b_2)
     1    0.02                           _14154_ (net)
                  0.13    0.00   12.76 v _38623_/B (sky130_fd_sc_hd__nor2_8)
                  0.18    0.21   12.97 ^ _38623_/Y (sky130_fd_sc_hd__nor2_8)
     3    0.02                           _14155_ (net)
                  0.18    0.00   12.97 ^ _39337_/B (sky130_fd_sc_hd__or2_1)
                  0.15    0.27   13.24 ^ _39337_/X (sky130_fd_sc_hd__or2_1)
     2    0.01                           _14867_ (net)
                  0.15    0.00   13.24 ^ _39340_/A (sky130_fd_sc_hd__nand2_2)
                  0.15    0.19   13.43 v _39340_/Y (sky130_fd_sc_hd__nand2_2)
     1    0.02                           _14870_ (net)
                  0.15    0.00   13.43 v _39341_/B (sky130_fd_sc_hd__xnor2_4)
                  1.92    1.47   14.90 ^ _39341_/Y (sky130_fd_sc_hd__xnor2_4)
     2    0.18                           _02657_ (net)
                  1.94    0.12   15.03 ^ _46397_/D (sky130_fd_sc_hd__dfxtp_1)
                                 15.03   data arrival time

                  0.00   15.00   15.00   clock clk (rise edge)
                          0.00   15.00   clock network delay (ideal)
                          0.00   15.00   clock reconvergence pessimism
                                 15.00 ^ _46397_/CLK (sky130_fd_sc_hd__dfxtp_1)
                         -0.63   14.37   library setup time
                                 14.37   data required time
-----------------------------------------------------------------------------
                                 14.37   data required time
                                -15.03   data arrival time
-----------------------------------------------------------------------------
                                 -0.65   slack (VIOLATED)


