max slew

Pin                                    Limit    Slew   Slack
------------------------------------------------------------
ANTENNA_131/DIODE                       1.50    2.80   -1.30 (VIOLATED)
_30070_/B                               1.50    2.80   -1.30 (VIOLATED)
_30069_/Y                               1.50    2.78   -1.28 (VIOLATED)
_37074_/B1                              1.50    2.78   -1.28 (VIOLATED)
_46394_/D                               1.50    2.39   -0.89 (VIOLATED)
_38238_/Y                               1.50    2.37   -0.88 (VIOLATED)
_38483_/A                               1.50    2.33   -0.83 (VIOLATED)
_39599_/C1                              1.50    2.33   -0.83 (VIOLATED)
_36343_/B1                              1.50    2.32   -0.82 (VIOLATED)
_36336_/B1_N                            1.50    2.32   -0.82 (VIOLATED)
_36340_/C                               1.50    2.32   -0.82 (VIOLATED)
_31631_/Y                               1.50    2.32   -0.82 (VIOLATED)
_31635_/A1                              1.50    2.32   -0.82 (VIOLATED)
_36335_/Y                               1.49    2.28   -0.79 (VIOLATED)
ANTENNA_91/DIODE                        1.50    2.12   -0.62 (VIOLATED)
_46393_/D                               1.50    2.12   -0.62 (VIOLATED)
_37852_/Y                               1.50    2.11   -0.61 (VIOLATED)
ANTENNA_90/DIODE                        1.50    2.06   -0.56 (VIOLATED)
_46392_/D                               1.50    2.06   -0.56 (VIOLATED)
_37460_/X                               1.50    2.04   -0.55 (VIOLATED)
ANTENNA_114/DIODE                       1.50    1.94   -0.44 (VIOLATED)
_46397_/D                               1.50    1.94   -0.44 (VIOLATED)
_37506_/A2                              1.50    1.93   -0.43 (VIOLATED)
_37508_/C                               1.50    1.93   -0.43 (VIOLATED)
_38163_/B                               1.50    1.93   -0.43 (VIOLATED)
_39341_/Y                               1.50    1.92   -0.43 (VIOLATED)
_37504_/Y                               1.50    1.91   -0.41 (VIOLATED)
_37714_/A1                              1.50    1.76   -0.26 (VIOLATED)
_37719_/A1                              1.50    1.76   -0.26 (VIOLATED)
_38159_/A                               1.50    1.76   -0.26 (VIOLATED)
_38158_/B1                              1.50    1.76   -0.26 (VIOLATED)
ANTENNA_113/DIODE                       1.50    1.76   -0.26 (VIOLATED)
ANTENNA_110/DIODE                       1.50    1.76   -0.26 (VIOLATED)
ANTENNA_108/DIODE                       1.50    1.76   -0.26 (VIOLATED)
_46396_/D                               1.50    1.76   -0.26 (VIOLATED)
ANTENNA_109/DIODE                       1.50    1.76   -0.26 (VIOLATED)
ANTENNA_111/DIODE                       1.50    1.76   -0.26 (VIOLATED)
ANTENNA_112/DIODE                       1.50    1.76   -0.26 (VIOLATED)
_37713_/Y                               1.50    1.75   -0.25 (VIOLATED)
_38989_/X                               1.50    1.74   -0.24 (VIOLATED)
ANTENNA_362/DIODE                       1.50    1.69   -0.19 (VIOLATED)
ANTENNA_360/DIODE                       1.50    1.69   -0.19 (VIOLATED)
ANTENNA_359/DIODE                       1.50    1.69   -0.19 (VIOLATED)
ANTENNA_357/DIODE                       1.50    1.69   -0.19 (VIOLATED)
_45344_/A0                              1.50    1.69   -0.19 (VIOLATED)
ANTENNA_356/DIODE                       1.50    1.69   -0.19 (VIOLATED)
ANTENNA_358/DIODE                       1.50    1.69   -0.19 (VIOLATED)
ANTENNA_361/DIODE                       1.50    1.69   -0.19 (VIOLATED)
ANTENNA_363/DIODE                       1.50    1.69   -0.19 (VIOLATED)
ANTENNA_895/DIODE                       1.50    1.58   -0.08 (VIOLATED)
ANTENNA_893/DIODE                       1.50    1.58   -0.08 (VIOLATED)
ANTENNA_891/DIODE                       1.50    1.58   -0.08 (VIOLATED)
ANTENNA_889/DIODE                       1.50    1.58   -0.08 (VIOLATED)
ANTENNA_887/DIODE                       1.50    1.58   -0.08 (VIOLATED)
_29668_/B                               1.50    1.58   -0.08 (VIOLATED)
ANTENNA_886/DIODE                       1.50    1.58   -0.08 (VIOLATED)
ANTENNA_888/DIODE                       1.50    1.58   -0.08 (VIOLATED)
ANTENNA_890/DIODE                       1.50    1.58   -0.08 (VIOLATED)
ANTENNA_892/DIODE                       1.50    1.58   -0.08 (VIOLATED)
ANTENNA_894/DIODE                       1.50    1.58   -0.08 (VIOLATED)
ANTENNA_906/DIODE                       1.50    1.58   -0.08 (VIOLATED)
_41049_/B                               1.50    1.52   -0.02 (VIOLATED)

