Startpoint: _46495_ (rising edge-triggered flip-flop clocked by clk)
Endpoint: _46495_ (rising edge-triggered flip-flop clocked by clk)
Path Group: clk
Path Type: min

Fanout     Cap    Slew   Delay    Time   Description
-----------------------------------------------------------------------------
                  0.00    0.00    0.00   clock clk (rise edge)
                          0.00    0.00   clock network delay (ideal)
                  0.00    0.00    0.00 ^ _46495_/CLK (sky130_fd_sc_hd__dfxtp_1)
                  0.04    0.18    0.18 ^ _46495_/Q (sky130_fd_sc_hd__dfxtp_1)
     2    0.00                           cpuregs[0][0] (net)
                  0.04    0.00    0.18 ^ _26468_/A (sky130_fd_sc_hd__clkbuf_1)
                  0.02    0.05    0.23 ^ _26468_/X (sky130_fd_sc_hd__clkbuf_1)
     1    0.00                           _02835_ (net)
                  0.02    0.00    0.23 ^ _46495_/D (sky130_fd_sc_hd__dfxtp_1)
                                  0.23   data arrival time

                  0.00    0.00    0.00   clock clk (rise edge)
                          0.00    0.00   clock network delay (ideal)
                          0.00    0.00   clock reconvergence pessimism
                                  0.00 ^ _46495_/CLK (sky130_fd_sc_hd__dfxtp_1)
                         -0.02   -0.02   library hold time
                                 -0.02   data required time
-----------------------------------------------------------------------------
                                 -0.02   data required time
                                 -0.23   data arrival time
-----------------------------------------------------------------------------
                                  0.25   slack (MET)


Startpoint: _47722_ (rising edge-triggered flip-flop clocked by clk)
Endpoint: _47650_ (rising edge-triggered flip-flop clocked by clk)
Path Group: clk
Path Type: max

Fanout     Cap    Slew   Delay    Time   Description
-----------------------------------------------------------------------------
                  0.00    0.00    0.00   clock clk (rise edge)
                          0.00    0.00   clock network delay (ideal)
                  0.00    0.00    0.00 ^ _47722_/CLK (sky130_fd_sc_hd__dfxtp_4)
                  0.50    0.99    0.99 ^ _47722_/Q (sky130_fd_sc_hd__dfxtp_4)
    33    0.11                           latched_stalu (net)
                  0.50    0.00    0.99 ^ _45623_/S (sky130_fd_sc_hd__mux2_1)
                  0.13    0.85    1.84 v _45623_/X (sky130_fd_sc_hd__mux2_1)
     2    0.00                           _00293_ (net)
                  0.13    0.00    1.84 v _45622_/A1 (sky130_fd_sc_hd__mux2_1)
                  0.10    0.65    2.49 v _45622_/X (sky130_fd_sc_hd__mux2_1)
     1    0.00                           _00294_ (net)
                  0.10    0.00    2.49 v _27685_/B (sky130_fd_sc_hd__and2_1)
                  0.06    0.31    2.80 v _27685_/X (sky130_fd_sc_hd__and2_1)
     1    0.00                           _00295_ (net)
                  0.06    0.00    2.80 v _44913_/A0 (sky130_fd_sc_hd__mux2_1)
                  0.15    0.68    3.48 v _44913_/X (sky130_fd_sc_hd__mux2_1)
     4    0.01                           _02560_ (net)
                  0.15    0.00    3.48 v _28249_/A (sky130_fd_sc_hd__and2_1)
                  0.08    0.33    3.81 v _28249_/X (sky130_fd_sc_hd__and2_1)
     2    0.00                           _04313_ (net)
                  0.08    0.00    3.81 v _28250_/B (sky130_fd_sc_hd__nor2_1)
                  0.25    0.23    4.04 ^ _28250_/Y (sky130_fd_sc_hd__nor2_1)
     2    0.01                           _04314_ (net)
                  0.25    0.00    4.04 ^ _28258_/A1 (sky130_fd_sc_hd__a31o_1)
                  0.14    0.38    4.42 ^ _28258_/X (sky130_fd_sc_hd__a31o_1)
     2    0.01                           _04319_ (net)
                  0.14    0.00    4.42 ^ _28267_/B1 (sky130_fd_sc_hd__o21ai_1)
                  0.09    0.14    4.56 v _28267_/Y (sky130_fd_sc_hd__o21ai_1)
     1    0.00                           _04326_ (net)
                  0.09    0.00    4.56 v _28268_/B1 (sky130_fd_sc_hd__o21a_1)
                  0.10    0.23    4.79 v _28268_/X (sky130_fd_sc_hd__o21a_1)
     2    0.01                           _04327_ (net)
                  0.10    0.00    4.79 v _28273_/B (sky130_fd_sc_hd__nor2_1)
                  0.23    0.23    5.02 ^ _28273_/Y (sky130_fd_sc_hd__nor2_1)
     3    0.01                           _04330_ (net)
                  0.23    0.00    5.02 ^ _28286_/A2 (sky130_fd_sc_hd__o21bai_1)
                  0.13    0.20    5.22 v _28286_/Y (sky130_fd_sc_hd__o21bai_1)
     2    0.00                           _04341_ (net)
                  0.13    0.00    5.22 v _28295_/A1 (sky130_fd_sc_hd__a21oi_1)
                  0.24    0.28    5.50 ^ _28295_/Y (sky130_fd_sc_hd__a21oi_1)
     2    0.01                           _04348_ (net)
                  0.24    0.00    5.50 ^ _28304_/A2 (sky130_fd_sc_hd__o21ai_1)
                  0.15    0.22    5.72 v _28304_/Y (sky130_fd_sc_hd__o21ai_1)
     2    0.01                           _04355_ (net)
                  0.15    0.00    5.72 v _28314_/A1 (sky130_fd_sc_hd__a21oi_2)
                  0.21    0.28    6.00 ^ _28314_/Y (sky130_fd_sc_hd__a21oi_2)
     2    0.01                           _04363_ (net)
                  0.21    0.00    6.00 ^ _28323_/A2 (sky130_fd_sc_hd__o21ai_2)
                  0.12    0.19    6.19 v _28323_/Y (sky130_fd_sc_hd__o21ai_2)
     2    0.01                           _04370_ (net)
                  0.12    0.00    6.19 v _28332_/A1 (sky130_fd_sc_hd__a21oi_4)
                  0.20    0.25    6.44 ^ _28332_/Y (sky130_fd_sc_hd__a21oi_4)
     2    0.01                           _04377_ (net)
                  0.20    0.00    6.44 ^ _28334_/B2 (sky130_fd_sc_hd__o22ai_4)
                  0.11    0.18    6.61 v _28334_/Y (sky130_fd_sc_hd__o22ai_4)
     3    0.01                           _04379_ (net)
                  0.11    0.00    6.61 v _28344_/A1 (sky130_fd_sc_hd__a21oi_4)
                  0.22    0.27    6.88 ^ _28344_/Y (sky130_fd_sc_hd__a21oi_4)
     3    0.01                           _04387_ (net)
                  0.22    0.00    6.88 ^ _28355_/B2 (sky130_fd_sc_hd__o22ai_4)
                  0.11    0.19    7.07 v _28355_/Y (sky130_fd_sc_hd__o22ai_4)
     3    0.01                           _04396_ (net)
                  0.11    0.00    7.07 v _28365_/A1 (sky130_fd_sc_hd__a21oi_4)
                  0.22    0.27    7.33 ^ _28365_/Y (sky130_fd_sc_hd__a21oi_4)
     3    0.01                           _04404_ (net)
                  0.22    0.00    7.33 ^ _28374_/B2 (sky130_fd_sc_hd__o22ai_4)
                  0.12    0.19    7.52 v _28374_/Y (sky130_fd_sc_hd__o22ai_4)
     3    0.01                           _04411_ (net)
                  0.12    0.00    7.52 v _28384_/A1 (sky130_fd_sc_hd__a21boi_4)
                  0.24    0.29    7.81 ^ _28384_/Y (sky130_fd_sc_hd__a21boi_4)
     3    0.01                           _04419_ (net)
                  0.24    0.00    7.81 ^ _28394_/B2 (sky130_fd_sc_hd__o22ai_4)
                  0.12    0.19    8.00 v _28394_/Y (sky130_fd_sc_hd__o22ai_4)
     3    0.01                           _04427_ (net)
                  0.12    0.00    8.00 v _28412_/B1 (sky130_fd_sc_hd__a22oi_4)
                  0.25    0.25    8.26 ^ _28412_/Y (sky130_fd_sc_hd__a22oi_4)
     2    0.01                           _04441_ (net)
                  0.25    0.00    8.26 ^ _28414_/B2 (sky130_fd_sc_hd__o22ai_4)
                  0.12    0.20    8.46 v _28414_/Y (sky130_fd_sc_hd__o22ai_4)
     4    0.01                           _04443_ (net)
                  0.12    0.00    8.46 v _28436_/B1 (sky130_fd_sc_hd__a22oi_4)
                  0.25    0.26    8.71 ^ _28436_/Y (sky130_fd_sc_hd__a22oi_4)
     2    0.01                           _04461_ (net)
                  0.25    0.00    8.71 ^ _28477_/A2 (sky130_fd_sc_hd__o2111ai_4)
                  0.17    0.27    8.98 v _28477_/Y (sky130_fd_sc_hd__o2111ai_4)
     1    0.00                           _04494_ (net)
                  0.17    0.00    8.98 v _28479_/A (sky130_fd_sc_hd__nand2_2)
                  0.17    0.21    9.19 ^ _28479_/Y (sky130_fd_sc_hd__nand2_2)
     4    0.02                           _04496_ (net)
                  0.17    0.00    9.19 ^ _28517_/D1 (sky130_fd_sc_hd__o2111ai_4)
                  0.18    0.21    9.40 v _28517_/Y (sky130_fd_sc_hd__o2111ai_4)
     1    0.00                           _04526_ (net)
                  0.18    0.00    9.40 v _28519_/A (sky130_fd_sc_hd__nand2_2)
                  0.15    0.20    9.60 ^ _28519_/Y (sky130_fd_sc_hd__nand2_2)
     4    0.01                           _04528_ (net)
                  0.15    0.00    9.60 ^ _28537_/A (sky130_fd_sc_hd__nand3_1)
                  0.12    0.16    9.76 v _28537_/Y (sky130_fd_sc_hd__nand3_1)
     1    0.00                           _04542_ (net)
                  0.12    0.00    9.76 v _28540_/B1 (sky130_fd_sc_hd__a22oi_1)
                  0.23    0.23    9.99 ^ _28540_/Y (sky130_fd_sc_hd__a22oi_1)
     1    0.00                           _04545_ (net)
                  0.23    0.00    9.99 ^ _28543_/A (sky130_fd_sc_hd__nor2_1)
                  0.07    0.13   10.12 v _28543_/Y (sky130_fd_sc_hd__nor2_1)
     1    0.00                           _01680_ (net)
                  0.07    0.00   10.12 v _45636_/A1 (sky130_fd_sc_hd__mux2_1)
                  0.10    0.62   10.74 v _45636_/X (sky130_fd_sc_hd__mux2_1)
     1    0.00                           _01681_ (net)
                  0.10    0.00   10.74 v _46091_/A1 (sky130_fd_sc_hd__mux4_1)
                  0.14    1.10   11.84 v _46091_/X (sky130_fd_sc_hd__mux4_1)
     1    0.00                           _01682_ (net)
                  0.14    0.00   11.84 v _45637_/A0 (sky130_fd_sc_hd__mux2_1)
                  0.11    0.64   12.49 v _45637_/X (sky130_fd_sc_hd__mux2_1)
     1    0.00                           _02530_ (net)
                  0.11    0.00   12.49 v _23597_/A1 (sky130_fd_sc_hd__o211a_1)
                  0.06    0.40   12.89 v _23597_/X (sky130_fd_sc_hd__o211a_1)
     1    0.00                           _03990_ (net)
                  0.06    0.00   12.89 v _47650_/D (sky130_fd_sc_hd__dfxtp_1)
                                 12.89   data arrival time

                  0.00   15.00   15.00   clock clk (rise edge)
                          0.00   15.00   clock network delay (ideal)
                          0.00   15.00   clock reconvergence pessimism
                                 15.00 ^ _47650_/CLK (sky130_fd_sc_hd__dfxtp_1)
                         -0.28   14.72   library setup time
                                 14.72   data required time
-----------------------------------------------------------------------------
                                 14.72   data required time
                                -12.89   data arrival time
-----------------------------------------------------------------------------
                                  1.83   slack (MET)


